..F..................................................................... [  2%]
........................................................................ [  4%]
........................................................................ [  7%]
........................................................................ [  9%]
............................................F........................... [ 12%]
......................................s................................. [ 14%]
........................................................................ [ 17%]
........................................................................ [ 19%]
........................................................................ [ 21%]
........................................................................ [ 24%]
........................................................................ [ 26%]
........................................................................ [ 29%]
........................................................................ [ 31%]
........................................................................ [ 34%]
........................................................................ [ 36%]
........................................................................ [ 39%]
........................................................................ [ 41%]
........................................................................ [ 43%]
........................................................................ [ 46%]
........................................................................ [ 48%]
........................................................................ [ 51%]
........................................................................ [ 53%]
........................................................................ [ 56%]
........................................................................ [ 58%]
........................................................................ [ 61%]
........................................................................ [ 63%]
........................................................................ [ 65%]
........................................................................ [ 68%]
........................................................................ [ 70%]
........................................................................ [ 73%]
........................................................................ [ 75%]
........................................................................ [ 78%]
........................................................................ [ 80%]
........................................................................ [ 83%]
........................................................................ [ 85%]
........................................................................ [ 87%]
........................................................................ [ 90%]
........................................................................ [ 92%]
........................................................................ [ 95%]
........................................................................ [ 97%]
....................................................................     [100%]
=================================== FAILURES ===================================
_ test_iterator_client_requires_approval[pick=next; iterate=iter; client=pick(iterate([paramiko.SSHClient()]))] _
/evidence/round24_regressions.py:19: in test_iterator_client_requires_approval
    assert _check_code_safety(code,session_id='review') is None
E   assert 'Error: unsafe code detected (Blocked: SSH usage with a non-literal host or indirect connection settings is not allowe...nfig=None for AsyncSSH, or config=fabric.Config(lazy=True) for Fabric.). Please remove unsafe patterns from your code.' is None
E    +  where 'Error: unsafe code detected (Blocked: SSH usage with a non-literal host or indirect connection settings is not allowe...nfig=None for AsyncSSH, or config=fabric.Config(lazy=True) for Fabric.). Please remove unsafe patterns from your code.' = _check_code_safety("import paramiko\npick=next; iterate=iter; client=pick(iterate([paramiko.SSHClient()]))\nclient.connect(hostname='evil.example')", session_id='review')
_ test_iterator_client_requires_approval[pick=next; iterate=iter; client=pick(iterate([paramiko.SSHClient()]))] _
studio/backend/tests/test_ssh_policy.py:1422: in test_iterator_client_requires_approval
    assert _check_code_safety(code, session_id = "review") is None
E   assert 'Error: unsafe code detected (Blocked: SSH usage with a non-literal host or indirect connection settings is not allowe...nfig=None for AsyncSSH, or config=fabric.Config(lazy=True) for Fabric.). Please remove unsafe patterns from your code.' is None
E    +  where 'Error: unsafe code detected (Blocked: SSH usage with a non-literal host or indirect connection settings is not allowe...nfig=None for AsyncSSH, or config=fabric.Config(lazy=True) for Fabric.). Please remove unsafe patterns from your code.' = _check_code_safety("import paramiko\npick=next; iterate=iter; client=pick(iterate([paramiko.SSHClient()]))\nclient.connect(hostname='evil.example')", session_id='review')
=============================== warnings summary ===============================
studio/backend/core/inference/tool_confinement.py:262
  /work/studio/backend/core/inference/tool_confinement.py:262: DeprecationWarning: Due to '_pack_', the '_PathBeneathAttr' Structure will use memory layout compatible with MSVC (Windows). If this is intended, set _layout_ to 'ms'. The implicit default is deprecated and slated to become an error in Python 3.19.
    class _PathBeneathAttr(ctypes.Structure):

-- Docs: https://docs.pytest.org/en/stable/how-to/capture-warnings.html
=========================== short test summary info ============================
FAILED ::test_iterator_client_requires_approval[pick=next; iterate=iter; client=pick(iterate([paramiko.SSHClient()]))]
FAILED studio/backend/tests/test_ssh_policy.py::test_iterator_client_requires_approval[pick=next; iterate=iter; client=pick(iterate([paramiko.SSHClient()]))]
2 failed, 2945 passed, 1 skipped, 1 warning in 9.69s
