........................................................................ [  4%]
........................................................................ [  8%]
........................................................................ [ 12%]
........................................................................ [ 17%]
........................................................................ [ 21%]
........................................................................ [ 25%]
........................................................................ [ 30%]
........................................................................ [ 34%]
................s....................................................... [ 38%]
........................................................................ [ 43%]
..................................................................... [ 47%]
........................................................................ [ 51%]
........................................................................ [ 55%]
........................................................................ [ 60%]
........................................................................ [ 64%]
........................................................................ [ 68%]
........................................................................ [ 72%]
........................................................................ [ 77%]
........................................................................ [ 81%]
........................................................................ [ 85%]
........................................................................ [ 90%]
........................................................................ [ 94%]
........................................................................ [ 98%]
.....................                                                    [100%]
1673 passed, 1 skipped, 3 subtests passed in 33.82s
