........................................................................ [  3%]
........................................................................ [  7%]
........................................................................ [ 11%]
........................................................................ [ 15%]
........................................................................ [ 19%]
........................................................................ [ 23%]
........................................................................ [ 27%]
........................................................................ [ 31%]
................s....................................................... [ 35%]
........................................................................ [ 39%]
..................................................................... [ 42%]
........................................................................ [ 46%]
........................................................................ [ 50%]
........................................................................ [ 54%]
........................................................................ [ 58%]
........................................................................ [ 62%]
........................................................................ [ 66%]
........................................................................ [ 70%]
........................................................................ [ 74%]
........................................................................ [ 78%]
........................................................................ [ 82%]
........................................................................ [ 86%]
........................................................................ [ 89%]
........................................................................ [ 93%]
........................................................................ [ 97%]
.....s.....................sss...........                                [100%]
=============================== warnings summary ===============================
.venv/lib/python3.12/site-packages/starlette/testclient.py:53
  /task/fix/.venv/lib/python3.12/site-packages/starlette/testclient.py:53: DeprecationWarning: The anyio.abc.BlockingPortal alias is deprecated, use anyio.from_thread.BlockingPortal instead.
    _PortalFactoryType = Callable[[], AbstractContextManager[anyio.abc.BlockingPortal]]

-- Docs: https://docs.pytest.org/en/stable/how-to/capture-warnings.html
1833 passed, 5 skipped, 1 warning, 3 subtests passed in 50.94s
