........................................................................ [ 24%]
........................................................................ [ 49%]
...........F............................................................ [ 73%]
........................................................................ [ 98%]
.....                                                                    [100%]
=================================== FAILURES ===================================
____ test_local_gguf_state_demotes_matching_main_until_companion_completes _____

monkeypatch = <_pytest.monkeypatch.MonkeyPatch object at 0x7c5659076eb0>
tmp_path = PosixPath('/tmp/pytest/test_local_gguf_state_demotes_0')

    def test_local_gguf_state_demotes_matching_main_until_companion_completes(monkeypatch, tmp_path):
        repo_id = "Org/CompanionRepo"
        quant = "UD-Q4_K_XL"
        state_quant = quant.lower()
        main_name = "Model-UD-Q4_K_XL.gguf"
        companion_name = "MTP/mtp-Q8_0.gguf"
        hub_cache = tmp_path / "hub"
        repo_dir = hub_cache / "models--Org--CompanionRepo"
        snapshot = repo_dir / "snapshots" / ("a" * 40)
        snapshot.mkdir(parents = True)
        (repo_dir / "blobs").mkdir()
        (repo_dir / "blobs" / "main").write_bytes(b"m")
        (repo_dir / "refs").mkdir()
        (repo_dir / "refs" / "main").write_text("a" * 40, encoding = "utf-8")
        (snapshot / main_name).write_bytes(b"m")
        (snapshot / "Model-Q8_0.gguf").write_bytes(b"8")

        monkeypatch.setattr(state_dir, "cache_root", lambda: tmp_path / "studio-state")
        monkeypatch.setattr(inventory_scan, "hf_cache_roots", lambda **_kw: [hub_cache])
        monkeypatch.setattr(
            "utils.hf_cache_settings.get_hf_cache_paths",
            lambda: SimpleNamespace(hub_cache = hub_cache),
        )
        inventory_scan.invalidate_hf_cache_scans()
        assert download_manifest.write_manifest(
            "model",
            repo_id,
            state_quant,
            [
                download_manifest.ExpectedFile(path = main_name, size = 1, sha256 = "main"),
                download_manifest.ExpectedFile(
                    path = companion_name,
                    size = 2,
                    sha256 = "companion",
                ),
            ],
            "xet",
            hub_cache = hub_cache,
        )
        assert download_manifest.write_cancel_marker(
            "model",
            repo_id,
            state_quant,
            "xet",
            hub_cache = hub_cache,
        )

        try:
            partial = asyncio.run(
                gguf_variants.get_gguf_variants_response(repo_id, prefer_local_cache = True)
            )
            rows = [row for row in partial.variants if row.quant.lower() == state_quant]
            assert len(rows) == 1
            row = rows[0]
            assert row.filename == main_name
            assert row.quant == quant
            assert row.size_bytes == 1
>           assert row.download_size_bytes == 3
E           AssertionError: assert 1 == 3
E            +  where 1 = GgufVariantDetail(filename='Model-UD-Q4_K_XL.gguf', quant='UD-Q4_K_XL', display_label=None, size_bytes=1, download_siz..._available=False, partial=False, cleanable=False, partial_transport=None, partial_resumable=False, dependency_key=None).download_size_bytes

studio/backend/hub/tests/test_model_services.py:4369: AssertionError
=========================== short test summary info ============================
FAILED studio/backend/hub/tests/test_model_services.py::test_local_gguf_state_demotes_matching_main_until_companion_completes
1 failed, 292 passed in 2.15s
