✔ ShareGPT exports only the regenerated reply (34.481153ms)
✔ ShareGPT exports only the edited prompt and its reply (6.842587ms)
✔ ShareGPT exports the branch picked in the branch picker (11.669746ms)
✔ ShareGPT leaves out the replaced reply while its regeneration is unsaved (6.118466ms)
✔ ShareGPT exports nothing from the replaced branch while an edited first prompt is unsaved (3.897289ms)
✔ ShareGPT keeps the picked branch when the chat is switched during the export (3.454847ms)
✔ CSV still exports every branch (4.036511ms)
✔ legacy flat threads preserve chronological order (4.437775ms)
✔ empty live branches export no old messages (3.735154ms)
✔ inactive threads fall back without reading a different view (3.715206ms)
✔ a torn down view does not hide another matching view (4.336214ms)
✔ selected multi-turn branch excludes both sibling subtrees (4.39235ms)
ℹ tests 12
ℹ suites 0
ℹ pass 12
ℹ fail 0
ℹ cancelled 0
ℹ skipped 0
ℹ todo 0
ℹ duration_ms 330.552539
