
/task/head/studio/frontend/src/components/assistant-ui/markdown-text.tsx
    11:1   error    '@/features/chat/artifacts/html-fences' import is restricted from being used by a pattern. Import from feature index only: @/features/[name]                                                                                                                                                                                                                                                                                                                                                                                                                                                                                                                                                                                                                                                                                                                                                                                           no-restricted-imports
   153:11  error    '_node' is assigned a value but never used                                                                                                                                                                                                                                                                                                                                                                                                                                                                                                                                                                                                                                                                                                                                                                                                                                                                                             @typescript-eslint/no-unused-vars
   815:14  warning  Fast refresh only works when a file only exports components. Move your React context(s) to a separate file                                                                                                                                                                                                                                                                                                                                                                                                                                                                                                                                                                                                                                                                                                                                                                                                                             react-refresh/only-export-components
   890:7   error    Error: Cannot access refs during render

React refs are values that are not needed for rendering. Refs should only be accessed outside of render, such as in event handlers or effects. Accessing a ref value (the `current` property) during render can cause your component not to update as expected (https://react.dev/reference/react/useRef).

/task/head/studio/frontend/src/components/assistant-ui/markdown-text.tsx:890:7
  888 |     cache: new IncrementalMarkdownCache(),
  889 |   });
> 890 |   if (incrementalCacheRef.current.messageId !== messageId) {
      |       ^^^^^^^^^^^^^^^^^^^^^^^^^^^^^^^^^^^^^ Cannot access ref value during render
  891 |     incrementalCacheRef.current = {
  892 |       messageId,
  893 |       cache: new IncrementalMarkdownCache(),                                                                                                                                          react-hooks/refs
   891:5   error    Error: Cannot access refs during render

React refs are values that are not needed for rendering. Refs should only be accessed outside of render, such as in event handlers or effects. Accessing a ref value (the `current` property) during render can cause your component not to update as expected (https://react.dev/reference/react/useRef).

/task/head/studio/frontend/src/components/assistant-ui/markdown-text.tsx:891:5
  889 |   });
  890 |   if (incrementalCacheRef.current.messageId !== messageId) {
> 891 |     incrementalCacheRef.current = {
      |     ^^^^^^^^^^^^^^^^^^^^^^^^^^^ Cannot update ref during render
  892 |       messageId,
  893 |       cache: new IncrementalMarkdownCache(),
  894 |     };                                                                                                                                                                                                react-hooks/refs
   898:7   error    Error: Cannot access refs during render

React refs are values that are not needed for rendering. Refs should only be accessed outside of render, such as in event handlers or effects. Accessing a ref value (the `current` property) during render can cause your component not to update as expected (https://react.dev/reference/react/useRef).

/task/head/studio/frontend/src/components/assistant-ui/markdown-text.tsx:898:7
  896 |   const incrementalCache = incrementalCacheRef.current.cache;
  897 |   const incrementalRender = isStreaming
> 898 |     ? incrementalCache.update(processedText)
      |       ^^^^^^^^^^^^^^^^ Passing a ref to a function may read its value during render
  899 |     : null;
  900 |   const renderKey = markdownRenderKey(processedText);
  901 |                                                                                                                                   react-hooks/refs
   898:7   error    Error: Cannot access refs during render

React refs are values that are not needed for rendering. Refs should only be accessed outside of render, such as in event handlers or effects. Accessing a ref value (the `current` property) during render can cause your component not to update as expected (https://react.dev/reference/react/useRef).

/task/head/studio/frontend/src/components/assistant-ui/markdown-text.tsx:898:7
  896 |   const incrementalCache = incrementalCacheRef.current.cache;
  897 |   const incrementalRender = isStreaming
> 898 |     ? incrementalCache.update(processedText)
      |       ^^^^^^^^^^^^^^^^^^^^^^^ Passing a ref to a function may read its value during render
  899 |     : null;
  900 |   const renderKey = markdownRenderKey(processedText);
  901 |                                                                                                                            react-hooks/refs
   914:34  error    Error: Cannot access refs during render

React refs are values that are not needed for rendering. Refs should only be accessed outside of render, such as in event handlers or effects. Accessing a ref value (the `current` property) during render can cause your component not to update as expected (https://react.dev/reference/react/useRef).

/task/head/studio/frontend/src/components/assistant-ui/markdown-text.tsx:914:34
  912 |         <div data-status={statusType} className="min-w-0 max-w-full">
  913 |           <Streamdown
> 914 |             key={`${messageId}:${incrementalCache.renderGeneration}:${renderKey}:${sandboxScopeKey}`}
      |                                  ^^^^^^^^^^^^^^^^^^^^^^^^^^^^^^^^^ Cannot access ref value during render
  915 |             mode="streaming"
  916 |             parseIncompleteMarkdown={!incrementalRender}
  917 |             parseMarkdownIntoBlocksFn={  react-hooks/refs
  1016:14  warning  Fast refresh only works when a file only exports components. Use a new file to share constants or functions between components                                                                                                                                                                                                                                                                                                                                                                                                                                                                                                                                                                                                                                                                                                                                                                                                         react-refresh/only-export-components

✖ 9 problems (7 errors, 2 warnings)
