✖ unrelated edits preserve inherited reasoning launch intent (34.242938ms)
✖ an edited reasoning control overrides only its own inherited value (8.338805ms)
✔ explicit and legacy reasoning values remain available (11.078986ms)
ℹ tests 3
ℹ suites 0
ℹ pass 1
ℹ fail 2
ℹ cancelled 0
ℹ skipped 0
ℹ todo 0
ℹ duration_ms 254.035763

✖ failing tests:

test at tests/active-reasoning-intent.test.ts:32:1
✖ unrelated edits preserve inherited reasoning launch intent (34.242938ms)
  AssertionError [ERR_ASSERTION]: Expected values to be strictly equal:
  
  32 !== -1
  
      at TestContext.<anonymous> (file:///task/fix/studio/frontend/tests/active-reasoning-intent.test.ts:34:10)
      at Test.runInAsyncScope (node:async_hooks:226:14)
      at Test.run (node:internal/test_runner/test:1402:25)
      at Test.start (node:internal/test_runner/test:1262:17)
      at startSubtestAfterBootstrap (node:internal/test_runner/harness:387:17) {
    generatedMessage: true,
    code: 'ERR_ASSERTION',
    actual: 32,
    expected: -1,
    operator: 'strictEqual',
    diff: 'simple'
  }

test at tests/active-reasoning-intent.test.ts:39:1
✖ an edited reasoning control overrides only its own inherited value (8.338805ms)
  AssertionError [ERR_ASSERTION]: Expected values to be strictly equal:
  + actual - expected
  
  + 'Conclude now.'
  - ''
  
      at TestContext.<anonymous> (file:///task/fix/studio/frontend/tests/active-reasoning-intent.test.ts:42:10)
      at Test.runInAsyncScope (node:async_hooks:226:14)
      at Test.run (node:internal/test_runner/test:1402:25)
      at Test.processPendingSubtests (node:internal/test_runner/test:974:18)
      at Test.postRun (node:internal/test_runner/test:1542:19)
      at Test.run (node:internal/test_runner/test:1467:12)
      at async startSubtestAfterBootstrap (node:internal/test_runner/harness:387:3) {
    generatedMessage: true,
    code: 'ERR_ASSERTION',
    actual: 'Conclude now.',
    expected: '',
    operator: 'strictEqual',
    diff: 'simple'
  }
