...............s........................................................ [  8%]
........................................................................ [ 16%]
........................................................................ [ 24%]
........................................................................ [ 32%]
........................................................................ [ 40%]
........................................................................ [ 49%]
........................................................................ [ 57%]
........................................................................ [ 65%]
........................................................................ [ 73%]
........................................................................ [ 81%]
........................................................................ [ 89%]
........................................................................ [ 98%]
.................                                                        [100%]
=============================== warnings summary ===============================
studio/backend/tests/test_model_memory_settings.py::TestNoDeadMemoryBookkeeping::test_the_launch_records_nothing_unread
  <unknown>:240: SyntaxWarning: invalid escape sequence '\`'

studio/backend/tests/test_model_memory_settings.py::TestNoDeadMemoryBookkeeping::test_the_launch_records_nothing_unread
  <unknown>:1943: SyntaxWarning: invalid escape sequence '\;'

studio/backend/tests/test_model_memory_settings.py::TestNoDeadMemoryBookkeeping::test_the_launch_records_nothing_unread
  <unknown>:1944: SyntaxWarning: invalid escape sequence '\;'

studio/backend/tests/test_model_memory_settings.py::TestNoDeadMemoryBookkeeping::test_the_launch_records_nothing_unread
  <unknown>:1951: SyntaxWarning: invalid escape sequence '\;'

-- Docs: https://docs.pytest.org/en/stable/how-to/capture-warnings.html
880 passed, 1 skipped, 4 warnings in 21.72s
