✖ preset subscription sees requested-only changes to reasoningBudget (1.038202ms)
✖ preset subscription sees requested-only changes to reasoningBudgetMessage (0.244149ms)
ℹ tests 2
ℹ suites 0
ℹ pass 0
ℹ fail 2
ℹ cancelled 0
ℹ skipped 0
ℹ todo 0
ℹ duration_ms 227.191227

✖ failing tests:

test at tests/preset-reasoning-subscription.test.ts:25:3
✖ preset subscription sees requested-only changes to reasoningBudget (1.038202ms)
  AssertionError [ERR_ASSERTION]: Expected values to be strictly equal:
  
  32 !== -1
  
      at TestContext.<anonymous> (file:///task/fix/studio/frontend/tests/preset-reasoning-subscription.test.ts:31:12)
      at Test.runInAsyncScope (node:async_hooks:226:14)
      at Test.run (node:internal/test_runner/test:1402:25)
      at Test.start (node:internal/test_runner/test:1262:17)
      at startSubtestAfterBootstrap (node:internal/test_runner/harness:387:17) {
    generatedMessage: true,
    code: 'ERR_ASSERTION',
    actual: 32,
    expected: -1,
    operator: 'strictEqual',
    diff: 'simple'
  }

test at tests/preset-reasoning-subscription.test.ts:25:3
✖ preset subscription sees requested-only changes to reasoningBudgetMessage (0.244149ms)
  AssertionError [ERR_ASSERTION]: Expected values to be strictly equal:
  + actual - expected
  
  + 'Conclude now.'
  - ''
  
      at TestContext.<anonymous> (file:///task/fix/studio/frontend/tests/preset-reasoning-subscription.test.ts:31:12)
      at Test.runInAsyncScope (node:async_hooks:226:14)
      at Test.run (node:internal/test_runner/test:1402:25)
      at Test.processPendingSubtests (node:internal/test_runner/test:974:18)
      at Test.postRun (node:internal/test_runner/test:1542:19)
      at Test.run (node:internal/test_runner/test:1467:12)
      at async startSubtestAfterBootstrap (node:internal/test_runner/harness:387:3) {
    generatedMessage: true,
    code: 'ERR_ASSERTION',
    actual: 'Conclude now.',
    expected: '',
    operator: 'strictEqual',
    diff: 'simple'
  }
