Traceback (most recent call last):
  File "<task>/run-roundtrip.py", line 67, in <module>
    asyncio.run(main())
  File "<task>/downloads/python/cpython-3.12.13-linux-x86_64-gnu/lib/python3.12/asyncio/runners.py", line 195, in run
    return runner.run(main)
           ^^^^^^^^^^^^^^^^
  File "<task>/downloads/python/cpython-3.12.13-linux-x86_64-gnu/lib/python3.12/asyncio/runners.py", line 118, in run
    return self._loop.run_until_complete(task)
           ^^^^^^^^^^^^^^^^^^^^^^^^^^^^^^^^^^^
  File "<task>/downloads/python/cpython-3.12.13-linux-x86_64-gnu/lib/python3.12/asyncio/base_events.py", line 691, in run_until_complete
    return future.result()
           ^^^^^^^^^^^^^^^
  File "<task>/run-roundtrip.py", line 42, in main
    await page.get_by_role('button',name='Send message',exact=True).click()
  File "<task>/head/.venv/lib/python3.12/site-packages/playwright/async_api/_generated.py", line 17894, in click
    await self._impl_obj.click(
  File "<task>/head/.venv/lib/python3.12/site-packages/playwright/_impl/_locator.py", line 165, in click
    return await self._frame._click(self._selector, strict=True, **params)
           ^^^^^^^^^^^^^^^^^^^^^^^^^^^^^^^^^^^^^^^^^^^^^^^^^^^^^^^^^^^^^^^
  File "<task>/head/.venv/lib/python3.12/site-packages/playwright/_impl/_frame.py", line 593, in _click
    await self._channel.send("click", self._timeout, locals_to_params(locals()))
  File "<task>/head/.venv/lib/python3.12/site-packages/playwright/_impl/_connection.py", line 76, in send
    return await self._connection.wrap_api_call(
           ^^^^^^^^^^^^^^^^^^^^^^^^^^^^^^^^^^^^^
  File "<task>/head/.venv/lib/python3.12/site-packages/playwright/_impl/_connection.py", line 632, in wrap_api_call
    raise rewrite_error(error, f"{parsed_st['apiName']}: {error}") from None
playwright._impl._errors.TimeoutError: Locator.click: Timeout 30000ms exceeded.
Call log:
  - waiting for get_by_role("button", name="Send message", exact=True)
    - locator resolved to <button disabled type="submit" data-size="icon" data-state="closed" data-variant="default" aria-label="Send message" data-slot="tooltip-trigger" class="focus-visible:border-ring dark:focus-visible:border-ring aria-invalid:ring-destructive/20 dark:aria-invalid:ring-destructive/40 aria-invalid:border-destructive dark:aria-invalid:border-destructive/50 border border-transparent text-sm font-medium aria-invalid:ring-[3px] [&_svg:not([class*='size-'])]:size-4 inline-flex items-center justify-center whitesp…>…</button>
  - attempting click action
    2 × waiting for element to be visible, enabled and stable
      - element is not enabled
    - retrying click action
    - waiting 20ms
    2 × waiting for element to be visible, enabled and stable
      - element is not enabled
    - retrying click action
      - waiting 100ms
    58 × waiting for element to be visible, enabled and stable
       - element is not enabled
     - retrying click action
       - waiting 500ms
