✔ a protected id survives eviction, so a stale one would pin its bytes forever (0.833216ms)
✔ deleting the dropped row's entry releases its blob and restores the budget (0.09553ms)
✔ deleting an id that was never cached is a no-op (0.073438ms)
✔ unpinned items sort newest first (1.010829ms)
✔ pinned items lead, keeping the order they arrived in (0.084499ms)
✔ an unrelated merge does not rearrange the pinned group (0.078387ms)
✔ the item just pinned goes to the very front of the pinned group (0.104406ms)
✔ unpinning drops the item back into the newest-first tail (0.097212ms)
✔ pinning is applied to the record, not just the order (0.10115ms)
✔ ISO timestamps sort alongside epoch seconds, so videos order like images (0.096571ms)
✔ removing an item leaves the rest in order (0.082616ms)
✔ selection is untouched when some other item leaves the strip (0.088346ms)
✔ removing the selected item falls to the neighbour that took its place (0.117571ms)
✔ removing the last item selects the new last, not an empty slot (0.109226ms)
✔ removing the only item clears the selection (0.070743ms)
✔ a merged generation lands after the pinned group, not at the very front (0.065813ms)
✔ with nothing pinned a merged generation still leads (0.066816ms)
✔ a pinned first row does not mask a newly saved record (0.127459ms)
✔ no new record is reported when the first unpinned row is already known (0.060253ms)
✔ the probe walks past a pinned group that spans more than one page (0.08493ms)
✔ the probe stops at its page cap instead of scanning the whole gallery (0.183876ms)
✔ an empty gallery reports no new record (0.067346ms)
✔ an unknown pinned row is not proof that a generation landed (0.071224ms)
✔ a new record is still found past an unknown pinned row (0.078457ms)
✔ an all-pinned partial window cannot judge an unpinned row (0.106279ms)
✔ a window holding any unpinned record can judge (0.054562ms)
✔ a complete window can judge even with nothing unpinned in it (0.051567ms)
✔ a window that cannot judge refuses to claim proof (0.056176ms)
✔ a judging window still proves a genuinely new record (0.059812ms)
✔ an empty gallery still proves its first generation (0.058159ms)
✔ two tasks on the same key run in call order, never overlapping (21.249773ms)
✔ different keys are not serialized against each other (20.392322ms)
✔ a failure does not break the key's chain (0.337314ms)
✔ the rejection reaches the caller that queued it (0.100399ms)
✔ per item keys let a later pin be stamped first, one key per gallery does not (40.957801ms)
✔ a baseline frozen before the request is not softened by a page loaded during it (0.136487ms)
✔ a page fetch re-reads its offset when the shelf shortens mid request (0.198373ms)
✔ a page fetch gives up rather than spinning when the shelf keeps moving (0.128822ms)
✔ a failed unpin puts the image back where it was, not at the front of the pins (0.146776ms)
✔ a rollback leaves an image pinned during the request at the front (0.066886ms)
✔ a finished generation does not duplicate a record a resync already loaded (0.093115ms)
✔ a gallery load is discarded when a pin lands while it is in flight (0.092003ms)
✔ a gallery load gives up rather than overwriting a strip that keeps changing (0.06923ms)
✔ a page fetch is refused when an archive is merely IN FLIGHT (0.104507ms)
✔ a page fetch is refused while a shelf mutation is still pending (0.089539ms)
✔ archived audio pages from the stable server cursor (0.247115ms)
✔ video gallery tiles use still posters instead of media pipelines (0.878411ms)
✔ selected playback does not depend on poster decoding (0.297289ms)
✔ video poster requests stay within their decoder concurrency cap (1.169157ms)
✔ a failed poster request releases its queue slot (0.337124ms)
✔ a poster request that blinked is retried before the clip is called undecodable (3.397245ms)
✔ a poster request that keeps failing gives up so the tile stops asking (2.542308ms)
✔ only an exhausted poster request marks a clip undecodable (0.427564ms)
✔ video posters are fetched through the authenticated thumbnail route (0.241614ms)
✔ archived video rows reuse still posters (0.200176ms)
✔ a poster the renderer cannot decode falls back to the slate (0.570122ms)
✔ an empty thumbnail response is a failed attempt, not a blank poster (0.139502ms)
✔ the poster budget still binds after cards leave the strip (0.307979ms)
✔ eviction spares the selected clip and the poster it just fetched (0.416613ms)
✔ clearing the gallery drops poster requests still in flight (0.395453ms)
✔ an explicit gallery load gives the slate another chance (0.117039ms)
ℹ tests 61
ℹ suites 0
ℹ pass 61
ℹ fail 0
ℹ cancelled 0
ℹ skipped 0
ℹ todo 0
ℹ duration_ms 163.333128
