
> unsloth-theme@0.0.0 typecheck
> tsc -b --pretty false && tsc -p tsconfig.test.json --pretty false

