........................................................................ [  2%]
........................................................................ [  4%]
........................................................................ [  7%]
........................................................................ [  9%]
........................................................................ [ 12%]
........................................................................ [ 14%]
..............s......................................................... [ 16%]
........................................................................ [ 19%]
........................................................................ [ 21%]
........................................................................ [ 24%]
........................................................................ [ 26%]
........................................................................ [ 28%]
........................................................................ [ 31%]
........................................................................ [ 33%]
........................................................................ [ 36%]
........................................................................ [ 38%]
........................................................................ [ 40%]
........................................................................ [ 43%]
........................................................................ [ 45%]
........................................................................ [ 48%]
........................................................................ [ 50%]
........................................................................ [ 52%]
........................................................................ [ 55%]
........................................................................ [ 57%]
........................................................................ [ 60%]
........................................................................ [ 62%]
........................................................................ [ 64%]
........................................................................ [ 67%]
........................................................................ [ 69%]
........................................................................ [ 72%]
........................................................................ [ 74%]
........................................................................ [ 76%]
........................................................................ [ 79%]
........................................................................ [ 81%]
........................................................................ [ 84%]
........................................................................ [ 86%]
........................................................................ [ 88%]
........................................................................ [ 91%]
........................................................................ [ 93%]
........................................................................ [ 96%]
........................................................................ [ 98%]
............................................                             [100%]
=============================== warnings summary ===============================
studio/backend/core/inference/tool_confinement.py:262
  /work/studio/backend/core/inference/tool_confinement.py:262: DeprecationWarning: Due to '_pack_', the '_PathBeneathAttr' Structure will use memory layout compatible with MSVC (Windows). If this is intended, set _layout_ to 'ms'. The implicit default is deprecated and slated to become an error in Python 3.19.
    class _PathBeneathAttr(ctypes.Structure):

-- Docs: https://docs.pytest.org/en/stable/how-to/capture-warnings.html
2995 passed, 1 skipped, 1 warning in 10.03s
