........................................................................ [  3%]
........................................................................ [  6%]
.......................................................................s [ 10%]
........................................................................ [ 13%]
........................................................................ [ 16%]
........................................................................ [ 20%]
........................................................................ [ 23%]
........................................................................ [ 26%]
........................................................................ [ 30%]
........................................................................ [ 33%]
........................................................................ [ 36%]
........................................................................ [ 40%]
........................................................................ [ 43%]
........................................................................ [ 46%]
........................................................................ [ 50%]
........................................................................ [ 53%]
........................................................................ [ 56%]
........................................................................ [ 60%]
........................................................................ [ 63%]
........................................................................ [ 66%]
........................................................................ [ 70%]
........................................................................ [ 73%]
........................................................................ [ 76%]
........................................................................ [ 80%]
........................................................................ [ 83%]
........................................................................ [ 86%]
........................................................................ [ 90%]
........................................................................ [ 93%]
........................................................................ [ 96%]
.....................................................................    [100%]
=============================== warnings summary ===============================
studio/backend/core/inference/tool_confinement.py:262
  /work/studio/backend/core/inference/tool_confinement.py:262: DeprecationWarning: Due to '_pack_', the '_PathBeneathAttr' Structure will use memory layout compatible with MSVC (Windows). If this is intended, set _layout_ to 'ms'. The implicit default is deprecated and slated to become an error in Python 3.19.
    class _PathBeneathAttr(ctypes.Structure):

-- Docs: https://docs.pytest.org/en/stable/how-to/capture-warnings.html
2156 passed, 1 skipped, 1 warning in 6.34s
