cmd-ssh (head, 318746441f80064c1275ce59b6351d5b8f421418, --negative)	Execute real cmd fallback and SSH	﻿2026-09-16T09:59:57.6724436Z ##[group]Run .venv/Scripts/python ../driver/probes/round29_windows_live.py --negative 2>&1 | Tee-Object -FilePath windows-live.log
cmd-ssh (head, 318746441f80064c1275ce59b6351d5b8f421418, --negative)	Execute real cmd fallback and SSH	2026-09-16T09:59:57.6725402Z ^[[36;1m.venv/Scripts/python ../driver/probes/round29_windows_live.py --negative 2>&1 | Tee-Object -FilePath windows-live.log^[[0m
cmd-ssh (head, 318746441f80064c1275ce59b6351d5b8f421418, --negative)	Execute real cmd fallback and SSH	2026-09-16T09:59:57.6726028Z ^[[36;1mif ($LASTEXITCODE -ne 0) { exit $LASTEXITCODE }^[[0m
cmd-ssh (head, 318746441f80064c1275ce59b6351d5b8f421418, --negative)	Execute real cmd fallback and SSH	2026-09-16T09:59:57.6753715Z shell: C:\Program Files\PowerShell\7\pwsh.EXE -command ". '{0}'"
cmd-ssh (head, 318746441f80064c1275ce59b6351d5b8f421418, --negative)	Execute real cmd fallback and SSH	2026-09-16T09:59:57.6754151Z env:
cmd-ssh (head, 318746441f80064c1275ce59b6351d5b8f421418, --negative)	Execute real cmd fallback and SSH	2026-09-16T09:59:57.6754564Z   pythonLocation: C:\hostedtoolcache\windows\Python\3.11.9\x64
cmd-ssh (head, 318746441f80064c1275ce59b6351d5b8f421418, --negative)	Execute real cmd fallback and SSH	2026-09-16T09:59:57.6755075Z   PKG_CONFIG_PATH: C:\hostedtoolcache\windows\Python\3.11.9\x64/lib/pkgconfig
cmd-ssh (head, 318746441f80064c1275ce59b6351d5b8f421418, --negative)	Execute real cmd fallback and SSH	2026-09-16T09:59:57.6755562Z   Python_ROOT_DIR: C:\hostedtoolcache\windows\Python\3.11.9\x64
cmd-ssh (head, 318746441f80064c1275ce59b6351d5b8f421418, --negative)	Execute real cmd fallback and SSH	2026-09-16T09:59:57.6756037Z   Python2_ROOT_DIR: C:\hostedtoolcache\windows\Python\3.11.9\x64
cmd-ssh (head, 318746441f80064c1275ce59b6351d5b8f421418, --negative)	Execute real cmd fallback and SSH	2026-09-16T09:59:57.6756517Z   Python3_ROOT_DIR: C:\hostedtoolcache\windows\Python\3.11.9\x64
cmd-ssh (head, 318746441f80064c1275ce59b6351d5b8f421418, --negative)	Execute real cmd fallback and SSH	2026-09-16T09:59:57.6756951Z   UNSLOTH_STUDIO_HOME: D:\a\unsloth\unsloth/source/.home/studio
cmd-ssh (head, 318746441f80064c1275ce59b6351d5b8f421418, --negative)	Execute real cmd fallback and SSH	2026-09-16T09:59:57.6757470Z   XDG_CACHE_HOME: D:\a\unsloth\unsloth/source/.cache
cmd-ssh (head, 318746441f80064c1275ce59b6351d5b8f421418, --negative)	Execute real cmd fallback and SSH	2026-09-16T09:59:57.6757872Z   PYTHONPATH: D:\a\unsloth\unsloth/source/studio/backend
cmd-ssh (head, 318746441f80064c1275ce59b6351d5b8f421418, --negative)	Execute real cmd fallback and SSH	2026-09-16T09:59:57.6758237Z ##[endgroup]
cmd-ssh (head, 318746441f80064c1275ce59b6351d5b8f421418, --negative)	Execute real cmd fallback and SSH	2026-09-16T10:00:03.4685600Z ^[[31;1mRAG unavailable: sqlite-vec could not be imported (No module named 'sqlite_vec')^[[0m
cmd-ssh (head, 318746441f80064c1275ce59b6351d5b8f421418, --negative)	Execute real cmd fallback and SSH	2026-09-16T10:00:03.4962339Z {"platform": "win32", "shell": ["cmd", "/c"], "command": "echo ok&C:\\Windows\\System32\\OpenSSH\\ssh.exe -F none -p 22222 -i review-key -o StrictHostKeyChecking=no -o UserKnownHostsFile=/dev/null -o LogLevel=ERROR -o IdentitiesOnly=yes review@127.0.0.1 uptime", "before": "Blocked command(s) for safety: .", "connections": 0}
cmd-ssh (head, 318746441f80064c1275ce59b6351d5b8f421418, --negative)	Execute real cmd fallback and SSH	2026-09-16T10:00:03.4989012Z ^[[31;1mTraceback (most recent call last):^[[0m
cmd-ssh (head, 318746441f80064c1275ce59b6351d5b8f421418, --negative)	Execute real cmd fallback and SSH	2026-09-16T10:00:03.4998042Z ^[[31;1m  File "D:\a\unsloth\unsloth\driver\probes\round29_windows_live.py", line 87, in <module>^[[0m
cmd-ssh (head, 318746441f80064c1275ce59b6351d5b8f421418, --negative)	Execute real cmd fallback and SSH	2026-09-16T10:00:03.5004493Z ^[[31;1m    assert 'pr10642-live-ssh-ok' in result and len(connections)==1^[[0m
cmd-ssh (head, 318746441f80064c1275ce59b6351d5b8f421418, --negative)	Execute real cmd fallback and SSH	2026-09-16T10:00:03.5010058Z ^[[31;1m           ^^^^^^^^^^^^^^^^^^^^^^^^^^^^^^^^^^^^^^^^^^^^^^^^^^^^^^^^[[0m
cmd-ssh (head, 318746441f80064c1275ce59b6351d5b8f421418, --negative)	Execute real cmd fallback and SSH	2026-09-16T10:00:03.5027466Z ^[[31;1mAssertionError^[[0m
cmd-ssh (head, 318746441f80064c1275ce59b6351d5b8f421418, --negative)	Execute real cmd fallback and SSH	2026-09-16T10:00:03.7552021Z ##[error]Process completed with exit code 1.
