cmd-ssh (head, 318746441f80064c1275ce59b6351d5b8f421418, --negative)	Execute real cmd fallback and SSH	﻿2026-09-16T11:08:32.7581746Z ##[group]Run .venv/Scripts/python ../driver/probes/round29_windows_live.py --negative 2>&1 | Tee-Object -FilePath windows-live.log
cmd-ssh (head, 318746441f80064c1275ce59b6351d5b8f421418, --negative)	Execute real cmd fallback and SSH	2026-09-16T11:08:32.7582765Z ^[[36;1m.venv/Scripts/python ../driver/probes/round29_windows_live.py --negative 2>&1 | Tee-Object -FilePath windows-live.log^[[0m
cmd-ssh (head, 318746441f80064c1275ce59b6351d5b8f421418, --negative)	Execute real cmd fallback and SSH	2026-09-16T11:08:32.7583377Z ^[[36;1mif ($LASTEXITCODE -ne 0) { exit $LASTEXITCODE }^[[0m
cmd-ssh (head, 318746441f80064c1275ce59b6351d5b8f421418, --negative)	Execute real cmd fallback and SSH	2026-09-16T11:08:32.7615492Z shell: C:\Program Files\PowerShell\7\pwsh.EXE -command ". '{0}'"
cmd-ssh (head, 318746441f80064c1275ce59b6351d5b8f421418, --negative)	Execute real cmd fallback and SSH	2026-09-16T11:08:32.7615848Z env:
cmd-ssh (head, 318746441f80064c1275ce59b6351d5b8f421418, --negative)	Execute real cmd fallback and SSH	2026-09-16T11:08:32.7616119Z   pythonLocation: C:\hostedtoolcache\windows\Python\3.11.9\x64
cmd-ssh (head, 318746441f80064c1275ce59b6351d5b8f421418, --negative)	Execute real cmd fallback and SSH	2026-09-16T11:08:32.7616576Z   PKG_CONFIG_PATH: C:\hostedtoolcache\windows\Python\3.11.9\x64/lib/pkgconfig
cmd-ssh (head, 318746441f80064c1275ce59b6351d5b8f421418, --negative)	Execute real cmd fallback and SSH	2026-09-16T11:08:32.7617035Z   Python_ROOT_DIR: C:\hostedtoolcache\windows\Python\3.11.9\x64
cmd-ssh (head, 318746441f80064c1275ce59b6351d5b8f421418, --negative)	Execute real cmd fallback and SSH	2026-09-16T11:08:32.7617429Z   Python2_ROOT_DIR: C:\hostedtoolcache\windows\Python\3.11.9\x64
cmd-ssh (head, 318746441f80064c1275ce59b6351d5b8f421418, --negative)	Execute real cmd fallback and SSH	2026-09-16T11:08:32.7617832Z   Python3_ROOT_DIR: C:\hostedtoolcache\windows\Python\3.11.9\x64
cmd-ssh (head, 318746441f80064c1275ce59b6351d5b8f421418, --negative)	Execute real cmd fallback and SSH	2026-09-16T11:08:32.7618217Z   UNSLOTH_STUDIO_HOME: D:\a\unsloth\unsloth/source/.home/studio
cmd-ssh (head, 318746441f80064c1275ce59b6351d5b8f421418, --negative)	Execute real cmd fallback and SSH	2026-09-16T11:08:32.7618615Z   XDG_CACHE_HOME: D:\a\unsloth\unsloth/source/.cache
cmd-ssh (head, 318746441f80064c1275ce59b6351d5b8f421418, --negative)	Execute real cmd fallback and SSH	2026-09-16T11:08:32.7618961Z   PYTHONPATH: D:\a\unsloth\unsloth/source/studio/backend
cmd-ssh (head, 318746441f80064c1275ce59b6351d5b8f421418, --negative)	Execute real cmd fallback and SSH	2026-09-16T11:08:32.7619256Z ##[endgroup]
cmd-ssh (head, 318746441f80064c1275ce59b6351d5b8f421418, --negative)	Execute real cmd fallback and SSH	2026-09-16T11:08:34.6495843Z {"probe": "original", "returncode": 255, "stdout": "", "stderr": ""}
cmd-ssh (head, 318746441f80064c1275ce59b6351d5b8f421418, --negative)	Execute real cmd fallback and SSH	2026-09-16T11:08:34.6651420Z {"probe": "programdata", "returncode": 0, "stdout": "", "stderr": "OpenSSH_for_Windows_9.5p2, LibreSSL 3.8.2\n"}
cmd-ssh (head, 318746441f80064c1275ce59b6351d5b8f421418, --negative)	Execute real cmd fallback and SSH	2026-09-16T11:08:34.6733945Z {"probe": "profile", "returncode": 255, "stdout": "", "stderr": ""}
cmd-ssh (head, 318746441f80064c1275ce59b6351d5b8f421418, --negative)	Execute real cmd fallback and SSH	2026-09-16T11:08:38.2032425Z ^[[31;1mRAG unavailable: sqlite-vec could not be imported (No module named 'sqlite_vec')^[[0m
cmd-ssh (head, 318746441f80064c1275ce59b6351d5b8f421418, --negative)	Execute real cmd fallback and SSH	2026-09-16T11:08:38.2412636Z {"platform": "win32", "shell": ["cmd", "/c"], "command": "set \"PROGRAMDATA=C:\\ProgramData\"&echo ok&C:\\Windows\\System32\\OpenSSH\\ssh -F none -p 22222 -i review-key -o StrictHostKeyChecking=no -o UserKnownHostsFile=/dev/null -o LogLevel=DEBUG3 -o IdentitiesOnly=yes review@127.0.0.1 uptime", "before": "Exit code 255:\nok\n", "connections": 0}
cmd-ssh (head, 318746441f80064c1275ce59b6351d5b8f421418, --negative)	Execute real cmd fallback and SSH	2026-09-16T11:08:38.2429591Z ^[[31;1mTraceback (most recent call last):^[[0m
cmd-ssh (head, 318746441f80064c1275ce59b6351d5b8f421418, --negative)	Execute real cmd fallback and SSH	2026-09-16T11:08:38.2438423Z ^[[31;1m  File "D:\a\unsloth\unsloth\driver\probes\round29_windows_live.py", line 92, in <module>^[[0m
cmd-ssh (head, 318746441f80064c1275ce59b6351d5b8f421418, --negative)	Execute real cmd fallback and SSH	2026-09-16T11:08:38.2446791Z ^[[31;1m    assert 'pr10642-live-ssh-ok' in result and len(connections)==1^[[0m
cmd-ssh (head, 318746441f80064c1275ce59b6351d5b8f421418, --negative)	Execute real cmd fallback and SSH	2026-09-16T11:08:38.2455172Z ^[[31;1m           ^^^^^^^^^^^^^^^^^^^^^^^^^^^^^^^^^^^^^^^^^^^^^^^^^^^^^^^^[[0m
cmd-ssh (head, 318746441f80064c1275ce59b6351d5b8f421418, --negative)	Execute real cmd fallback and SSH	2026-09-16T11:08:38.2475841Z ^[[31;1mAssertionError^[[0m
cmd-ssh (head, 318746441f80064c1275ce59b6351d5b8f421418, --negative)	Execute real cmd fallback and SSH	2026-09-16T11:08:38.5217364Z ##[error]Process completed with exit code 1.
cmd-ssh (base, 9bef060ea4200fb679067c4fca406087c1c14a4b, --base)	Execute real cmd fallback and SSH	﻿2026-09-16T11:08:35.1823194Z ##[group]Run .venv/Scripts/python ../driver/probes/round29_windows_live.py --base 2>&1 | Tee-Object -FilePath windows-live.log
cmd-ssh (base, 9bef060ea4200fb679067c4fca406087c1c14a4b, --base)	Execute real cmd fallback and SSH	2026-09-16T11:08:35.1824404Z ^[[36;1m.venv/Scripts/python ../driver/probes/round29_windows_live.py --base 2>&1 | Tee-Object -FilePath windows-live.log^[[0m
cmd-ssh (base, 9bef060ea4200fb679067c4fca406087c1c14a4b, --base)	Execute real cmd fallback and SSH	2026-09-16T11:08:35.1825143Z ^[[36;1mif ($LASTEXITCODE -ne 0) { exit $LASTEXITCODE }^[[0m
cmd-ssh (base, 9bef060ea4200fb679067c4fca406087c1c14a4b, --base)	Execute real cmd fallback and SSH	2026-09-16T11:08:35.1859551Z shell: C:\Program Files\PowerShell\7\pwsh.EXE -command ". '{0}'"
cmd-ssh (base, 9bef060ea4200fb679067c4fca406087c1c14a4b, --base)	Execute real cmd fallback and SSH	2026-09-16T11:08:35.1859947Z env:
cmd-ssh (base, 9bef060ea4200fb679067c4fca406087c1c14a4b, --base)	Execute real cmd fallback and SSH	2026-09-16T11:08:35.1860234Z   pythonLocation: C:\hostedtoolcache\windows\Python\3.11.9\x64
cmd-ssh (base, 9bef060ea4200fb679067c4fca406087c1c14a4b, --base)	Execute real cmd fallback and SSH	2026-09-16T11:08:35.1860743Z   PKG_CONFIG_PATH: C:\hostedtoolcache\windows\Python\3.11.9\x64/lib/pkgconfig
cmd-ssh (base, 9bef060ea4200fb679067c4fca406087c1c14a4b, --base)	Execute real cmd fallback and SSH	2026-09-16T11:08:35.1861230Z   Python_ROOT_DIR: C:\hostedtoolcache\windows\Python\3.11.9\x64
cmd-ssh (base, 9bef060ea4200fb679067c4fca406087c1c14a4b, --base)	Execute real cmd fallback and SSH	2026-09-16T11:08:35.1861657Z   Python2_ROOT_DIR: C:\hostedtoolcache\windows\Python\3.11.9\x64
cmd-ssh (base, 9bef060ea4200fb679067c4fca406087c1c14a4b, --base)	Execute real cmd fallback and SSH	2026-09-16T11:08:35.1862086Z   Python3_ROOT_DIR: C:\hostedtoolcache\windows\Python\3.11.9\x64
cmd-ssh (base, 9bef060ea4200fb679067c4fca406087c1c14a4b, --base)	Execute real cmd fallback and SSH	2026-09-16T11:08:35.1862510Z   UNSLOTH_STUDIO_HOME: D:\a\unsloth\unsloth/source/.home/studio
cmd-ssh (base, 9bef060ea4200fb679067c4fca406087c1c14a4b, --base)	Execute real cmd fallback and SSH	2026-09-16T11:08:35.1862946Z   XDG_CACHE_HOME: D:\a\unsloth\unsloth/source/.cache
cmd-ssh (base, 9bef060ea4200fb679067c4fca406087c1c14a4b, --base)	Execute real cmd fallback and SSH	2026-09-16T11:08:35.1863307Z   PYTHONPATH: D:\a\unsloth\unsloth/source/studio/backend
cmd-ssh (base, 9bef060ea4200fb679067c4fca406087c1c14a4b, --base)	Execute real cmd fallback and SSH	2026-09-16T11:08:35.1863638Z ##[endgroup]
cmd-ssh (base, 9bef060ea4200fb679067c4fca406087c1c14a4b, --base)	Execute real cmd fallback and SSH	2026-09-16T11:08:37.0188566Z {"probe": "original", "returncode": 255, "stdout": "", "stderr": ""}
cmd-ssh (base, 9bef060ea4200fb679067c4fca406087c1c14a4b, --base)	Execute real cmd fallback and SSH	2026-09-16T11:08:37.0328257Z {"probe": "programdata", "returncode": 0, "stdout": "", "stderr": "OpenSSH_for_Windows_9.5p2, LibreSSL 3.8.2\n"}
cmd-ssh (base, 9bef060ea4200fb679067c4fca406087c1c14a4b, --base)	Execute real cmd fallback and SSH	2026-09-16T11:08:37.0425950Z {"probe": "profile", "returncode": 255, "stdout": "", "stderr": ""}
cmd-ssh (base, 9bef060ea4200fb679067c4fca406087c1c14a4b, --base)	Execute real cmd fallback and SSH	2026-09-16T11:08:40.9811878Z ^[[31;1mRAG unavailable: sqlite-vec could not be imported (No module named 'sqlite_vec')^[[0m
cmd-ssh (base, 9bef060ea4200fb679067c4fca406087c1c14a4b, --base)	Execute real cmd fallback and SSH	2026-09-16T11:08:41.0214931Z {"platform": "win32", "shell": ["cmd", "/c"], "command": "set \"PROGRAMDATA=C:\\ProgramData\"&echo ok&C:\\Windows\\System32\\OpenSSH\\ssh -F none -p 22222 -i review-key -o StrictHostKeyChecking=no -o UserKnownHostsFile=/dev/null -o LogLevel=DEBUG3 -o IdentitiesOnly=yes review@127.0.0.1 uptime", "before": "Blocked command(s) for safety: ssh", "connections": 0}
cmd-ssh (base, 9bef060ea4200fb679067c4fca406087c1c14a4b, --base)	Execute real cmd fallback and SSH	2026-09-16T11:08:41.0230120Z ^[[31;1mException in thread Thread-1 (serve):^[[0m
cmd-ssh (base, 9bef060ea4200fb679067c4fca406087c1c14a4b, --base)	Execute real cmd fallback and SSH	2026-09-16T11:08:41.0238852Z ^[[31;1mTraceback (most recent call last):^[[0m
cmd-ssh (base, 9bef060ea4200fb679067c4fca406087c1c14a4b, --base)	Execute real cmd fallback and SSH	2026-09-16T11:08:42.0270209Z ^[[31;1mFatal Python error: _enter_buffered_busy: could not acquire lock for <_io.BufferedWriter name='<stderr>'> at interpreter shutdown, possibly due to daemon threads^[[0m
cmd-ssh (base, 9bef060ea4200fb679067c4fca406087c1c14a4b, --base)	Execute real cmd fallback and SSH	2026-09-16T11:08:42.0277575Z ^[[31;1mPython runtime state: finalizing (tstate=0x00007ffe14adf960)^[[0m
cmd-ssh (base, 9bef060ea4200fb679067c4fca406087c1c14a4b, --base)	Execute real cmd fallback and SSH	2026-09-16T11:08:42.0296789Z ^[[31;1m^[[0m
cmd-ssh (base, 9bef060ea4200fb679067c4fca406087c1c14a4b, --base)	Execute real cmd fallback and SSH	2026-09-16T11:08:42.0304297Z ^[[31;1mCurrent thread 0x00000508 (most recent call first):^[[0m
cmd-ssh (base, 9bef060ea4200fb679067c4fca406087c1c14a4b, --base)	Execute real cmd fallback and SSH	2026-09-16T11:08:42.0319653Z ^[[31;1m  <no Python frame>^[[0m
cmd-ssh (base, 9bef060ea4200fb679067c4fca406087c1c14a4b, --base)	Execute real cmd fallback and SSH	2026-09-16T11:08:42.0561067Z ^[[31;1m^[[0m
cmd-ssh (base, 9bef060ea4200fb679067c4fca406087c1c14a4b, --base)	Execute real cmd fallback and SSH	2026-09-16T11:08:42.0571548Z ^[[31;1mExtension modules: _cffi_backend, yaml._yaml, greenlet._greenlet, psutil._psutil_windows (total: 4)^[[0m
cmd-ssh (base, 9bef060ea4200fb679067c4fca406087c1c14a4b, --base)	Execute real cmd fallback and SSH	2026-09-16T11:08:43.3491536Z ##[error]Process completed with exit code 1.
