cmd-ssh (head, 318746441f80064c1275ce59b6351d5b8f421418, --negative)	Execute real cmd fallback and SSH	﻿2026-09-16T10:02:37.8812462Z ##[group]Run .venv/Scripts/python ../driver/probes/round29_windows_live.py --negative 2>&1 | Tee-Object -FilePath windows-live.log
cmd-ssh (head, 318746441f80064c1275ce59b6351d5b8f421418, --negative)	Execute real cmd fallback and SSH	2026-09-16T10:02:37.8813286Z ^[[36;1m.venv/Scripts/python ../driver/probes/round29_windows_live.py --negative 2>&1 | Tee-Object -FilePath windows-live.log^[[0m
cmd-ssh (head, 318746441f80064c1275ce59b6351d5b8f421418, --negative)	Execute real cmd fallback and SSH	2026-09-16T10:02:37.8813764Z ^[[36;1mif ($LASTEXITCODE -ne 0) { exit $LASTEXITCODE }^[[0m
cmd-ssh (head, 318746441f80064c1275ce59b6351d5b8f421418, --negative)	Execute real cmd fallback and SSH	2026-09-16T10:02:37.8845996Z shell: C:\Program Files\PowerShell\7\pwsh.EXE -command ". '{0}'"
cmd-ssh (head, 318746441f80064c1275ce59b6351d5b8f421418, --negative)	Execute real cmd fallback and SSH	2026-09-16T10:02:37.8846441Z env:
cmd-ssh (head, 318746441f80064c1275ce59b6351d5b8f421418, --negative)	Execute real cmd fallback and SSH	2026-09-16T10:02:37.8846774Z   pythonLocation: C:\hostedtoolcache\windows\Python\3.11.9\x64
cmd-ssh (head, 318746441f80064c1275ce59b6351d5b8f421418, --negative)	Execute real cmd fallback and SSH	2026-09-16T10:02:37.8847352Z   PKG_CONFIG_PATH: C:\hostedtoolcache\windows\Python\3.11.9\x64/lib/pkgconfig
cmd-ssh (head, 318746441f80064c1275ce59b6351d5b8f421418, --negative)	Execute real cmd fallback and SSH	2026-09-16T10:02:37.8847935Z   Python_ROOT_DIR: C:\hostedtoolcache\windows\Python\3.11.9\x64
cmd-ssh (head, 318746441f80064c1275ce59b6351d5b8f421418, --negative)	Execute real cmd fallback and SSH	2026-09-16T10:02:37.8848473Z   Python2_ROOT_DIR: C:\hostedtoolcache\windows\Python\3.11.9\x64
cmd-ssh (head, 318746441f80064c1275ce59b6351d5b8f421418, --negative)	Execute real cmd fallback and SSH	2026-09-16T10:02:37.8848986Z   Python3_ROOT_DIR: C:\hostedtoolcache\windows\Python\3.11.9\x64
cmd-ssh (head, 318746441f80064c1275ce59b6351d5b8f421418, --negative)	Execute real cmd fallback and SSH	2026-09-16T10:02:37.8849492Z   UNSLOTH_STUDIO_HOME: D:\a\unsloth\unsloth/source/.home/studio
cmd-ssh (head, 318746441f80064c1275ce59b6351d5b8f421418, --negative)	Execute real cmd fallback and SSH	2026-09-16T10:02:37.8850005Z   XDG_CACHE_HOME: D:\a\unsloth\unsloth/source/.cache
cmd-ssh (head, 318746441f80064c1275ce59b6351d5b8f421418, --negative)	Execute real cmd fallback and SSH	2026-09-16T10:02:37.8850441Z   PYTHONPATH: D:\a\unsloth\unsloth/source/studio/backend
cmd-ssh (head, 318746441f80064c1275ce59b6351d5b8f421418, --negative)	Execute real cmd fallback and SSH	2026-09-16T10:02:37.8850832Z ##[endgroup]
cmd-ssh (head, 318746441f80064c1275ce59b6351d5b8f421418, --negative)	Execute real cmd fallback and SSH	2026-09-16T10:02:42.5538933Z ^[[31;1mRAG unavailable: sqlite-vec could not be imported (No module named 'sqlite_vec')^[[0m
cmd-ssh (head, 318746441f80064c1275ce59b6351d5b8f421418, --negative)	Execute real cmd fallback and SSH	2026-09-16T10:02:42.5896714Z {"platform": "win32", "shell": ["cmd", "/c"], "command": "echo ok&C:\\Windows\\System32\\OpenSSH\\ssh -F none -p 22222 -i review-key -o StrictHostKeyChecking=no -o UserKnownHostsFile=/dev/null -o LogLevel=ERROR -o IdentitiesOnly=yes review@127.0.0.1 uptime", "before": "Exit code 255:\nok\n", "connections": 0}
cmd-ssh (head, 318746441f80064c1275ce59b6351d5b8f421418, --negative)	Execute real cmd fallback and SSH	2026-09-16T10:02:42.5920470Z ^[[31;1mTraceback (most recent call last):^[[0m
cmd-ssh (head, 318746441f80064c1275ce59b6351d5b8f421418, --negative)	Execute real cmd fallback and SSH	2026-09-16T10:02:42.5926403Z ^[[31;1m  File "D:\a\unsloth\unsloth\driver\probes\round29_windows_live.py", line 87, in <module>^[[0m
cmd-ssh (head, 318746441f80064c1275ce59b6351d5b8f421418, --negative)	Execute real cmd fallback and SSH	2026-09-16T10:02:42.5932049Z ^[[31;1m    assert 'pr10642-live-ssh-ok' in result and len(connections)==1^[[0m
cmd-ssh (head, 318746441f80064c1275ce59b6351d5b8f421418, --negative)	Execute real cmd fallback and SSH	2026-09-16T10:02:42.5937605Z ^[[31;1m           ^^^^^^^^^^^^^^^^^^^^^^^^^^^^^^^^^^^^^^^^^^^^^^^^^^^^^^^^[[0m
cmd-ssh (head, 318746441f80064c1275ce59b6351d5b8f421418, --negative)	Execute real cmd fallback and SSH	2026-09-16T10:02:42.5952134Z ^[[31;1mAssertionError^[[0m
cmd-ssh (head, 318746441f80064c1275ce59b6351d5b8f421418, --negative)	Execute real cmd fallback and SSH	2026-09-16T10:02:42.8963004Z ##[error]Process completed with exit code 1.
