........................................................................ [  2%]
..........................................................s............. [  5%]
........................................................................ [  8%]
........................................................................ [ 10%]
........................................................................ [ 13%]
........................................................................ [ 16%]
........................................................................ [ 18%]
........................................................................ [ 21%]
........................................................................ [ 24%]
........................................................................ [ 27%]
........................................................................ [ 29%]
........................................................................ [ 32%]
........................................................................ [ 35%]
........................................................................ [ 37%]
........................................................................ [ 40%]
........................................................................ [ 43%]
........................................................................ [ 46%]
........................................................................ [ 48%]
........................................................................ [ 51%]
........................................................................ [ 54%]
........................................................................ [ 56%]
........................................................................ [ 59%]
........................................................................ [ 62%]
........................................................................ [ 64%]
........................................................................ [ 67%]
........................................................................ [ 70%]
........................................................................ [ 73%]
........................................................................ [ 75%]
........................................................................ [ 78%]
........................................................................ [ 81%]
........................................................................ [ 83%]
........................................................................ [ 86%]
........................................................................ [ 89%]
........................................................................ [ 92%]
........................................................................ [ 94%]
........................................................................ [ 97%]
...................................................................      [100%]
=============================== warnings summary ===============================
studio/backend/core/inference/tool_confinement.py:262
  /work/studio/backend/core/inference/tool_confinement.py:262: DeprecationWarning: Due to '_pack_', the '_PathBeneathAttr' Structure will use memory layout compatible with MSVC (Windows). If this is intended, set _layout_ to 'ms'. The implicit default is deprecated and slated to become an error in Python 3.19.
    class _PathBeneathAttr(ctypes.Structure):

-- Docs: https://docs.pytest.org/en/stable/how-to/capture-warnings.html
2658 passed, 1 skipped, 1 warning in 367.73s (0:06:07)
