✔ a custom accent recolors the brand variable, not just the control one (1.531049ms)
✔ both foregrounds follow the accent so button labels stay readable (2.071946ms)
✔ the foreground is the higher-contrast of the two, not a luminance guess (4.942664ms)
✔ accent labels always clear WCAG AA, including the ink crossover (0.389082ms)
✔ no accent leaves every palette variable alone (0.196309ms)
✔ focus rings are never touched, so highlight borders stay neutral (0.126728ms)
✔ custom accents already safe on their strongest wash stay untouched (0.158077ms)
✔ an accent too pale to read as text is pulled into range (0.7284ms)
✔ a near-black accent is lifted in dark mode instead (1.154892ms)
✔ the label follows the corrected accent, not the raw pick (0.634423ms)
✔ a custom background does not hide the unchanged elevated surfaces (0.63827ms)
✔ the correction endpoint follows contrast rather than a luminance guess (2.060094ms)
✔ a narrow valid band between custom and elevated surfaces is not skipped (1.989141ms)
✔ resize-handle glows follow the primary token (0.392958ms)
✔ a superseded locale hydration does not pause personalization saves (58.287471ms)
✔ a cancelled locale hydration stays paused, because it never finished (17.97525ms)
✔ a stalled locale catalog does not pause personalization saves (14.495527ms)
✔ legacy chat width preserves and uploads local wide (14.160647ms)
✔ legacy chat width preserves and uploads local full (10.818222ms)
✔ saved chat width standard overrides local without another save (11.010464ms)
✔ saved chat width wide overrides local without another save (8.900276ms)
✔ saved chat width full overrides local without another save (9.153532ms)
✔ an older server without chat width metadata preserves local width (10.510644ms)
✔ the backend sidebar nav defaults match the frontend (1.863594ms)
✔ Train and Video are still the capability-gated rows (5.411525ms)
✔ every previously shipped sidebar adopts the current default (1.257936ms)
✔ the untouched pre-Audio version-5 sidebar adopts the Audio-aware default (0.147237ms)
✔ a customized version-5 sidebar keeps its order and only gains Audio (0.180409ms)
✔ a user-arranged sidebar survives the migration (0.148249ms)
✔ an install sitting on the version-6 default picks Video up (0.161835ms)
✔ a shipped-looking layout chosen after migration is preserved (0.092865ms)
✔ a synced profile picks the layout change up too (4.469344ms)
ℹ tests 32
ℹ suites 0
ℹ pass 32
ℹ fail 0
ℹ cancelled 0
ℹ skipped 0
ℹ todo 0
ℹ duration_ms 536.757724
