........................................................................ [  2%]
........................................................................ [  4%]
........................................................................ [  7%]
....................................................F................... [  9%]
........................................................................ [ 12%]
..........................s............................................. [ 14%]
........................................................................ [ 17%]
........................................................................ [ 19%]
........................................................................ [ 22%]
........................................................................ [ 24%]
........................................................................ [ 26%]
........................................................................ [ 29%]
........................................................................ [ 31%]
........................................................................ [ 34%]
........................................................................ [ 36%]
........................................................................ [ 39%]
........................................................................ [ 41%]
........................................................................ [ 44%]
........................................................................ [ 46%]
........................................................................ [ 49%]
........................................................................ [ 51%]
........................................................................ [ 53%]
........................................................................ [ 56%]
........................................................................ [ 58%]
........................................................................ [ 61%]
........................................................................ [ 63%]
........................................................................ [ 66%]
........................................................................ [ 68%]
........................................................................ [ 71%]
........................................................................ [ 73%]
........................................................................ [ 76%]
........................................................................ [ 78%]
........................................................................ [ 80%]
........................................................................ [ 83%]
........................................................................ [ 85%]
........................................................................ [ 88%]
........................................................................ [ 90%]
........................................................................ [ 93%]
........................................................................ [ 95%]
........................................................................ [ 98%]
........................................................                 [100%]
=================================== FAILURES ===================================
_ test_method_clients_require_approval[import paramiko\nclass D:\n def deploy(self,client): client.connect(hostname='evil.example')\nD().deploy(paramiko.SSHClient())] _
studio/backend/tests/test_ssh_policy.py:1248: in test_method_clients_require_approval
    assert _check_code_safety(code, session_id = "review") is not None
E   assert None is not None
E    +  where None = _check_code_safety("import paramiko\nclass D:\n def deploy(self,client): client.connect(hostname='evil.example')\nD().deploy(paramiko.SSHClient())", session_id='review')
=============================== warnings summary ===============================
studio/backend/core/inference/tool_confinement.py:262
  /work/studio/backend/core/inference/tool_confinement.py:262: DeprecationWarning: Due to '_pack_', the '_PathBeneathAttr' Structure will use memory layout compatible with MSVC (Windows). If this is intended, set _layout_ to 'ms'. The implicit default is deprecated and slated to become an error in Python 3.19.
    class _PathBeneathAttr(ctypes.Structure):

-- Docs: https://docs.pytest.org/en/stable/how-to/capture-warnings.html
=========================== short test summary info ============================
FAILED studio/backend/tests/test_ssh_policy.py::test_method_clients_require_approval[import paramiko\nclass D:\n def deploy(self,client): client.connect(hostname='evil.example')\nD().deploy(paramiko.SSHClient())]
1 failed, 2934 passed, 1 skipped, 1 warning in 9.49s
