✔ steer interrupts the dispatched prompt, preserves later prompts and completed history (2.615706ms)
✔ steer starts before every pending item while a queue is waiting or paused (0.574229ms)
✔ an in-flight indexing probe cannot dispatch the old item after a steer (0.304092ms)
✔ normal queue follow-ups append without interrupting (0.203633ms)
✔ row steer retains the selected item and history, cancelling its shared target once (0.374374ms)
✔ row steer resumes paused and waiting queues with the chosen prompt first (0.524205ms)
✔ row steer handles a sole pending prompt without dropping or duplicating it (0.173666ms)
✔ row steer rejects stale, dispatched, unavailable and active research prompts (0.19687ms)
✔ row steer invalidates an in-flight document probe and waits for model loading (0.271761ms)
✔ a new steering queue waits for cancellation and rejects an unidentified target (0.404811ms)
✔ pending follow-up intent: queue to queue, wait=true (5.23495ms)
✔ pending follow-up intent: queue to queue, wait=false (0.498396ms)
✔ pending follow-up intent: queue to steer, wait=true (0.3562ms)
✔ pending follow-up intent: queue to steer, wait=false (0.29254ms)
✔ pending follow-up intent: steer to queue, wait=true (0.291638ms)
✔ pending follow-up intent: steer to queue, wait=false (0.293933ms)
✔ pending follow-up intent: steer to steer, wait=true (0.29776ms)
✔ pending follow-up intent: steer to steer, wait=false (0.318398ms)
✔ pending follow-up intent preserves distinct drafts and later repeat submissions (0.41533ms)
✔ three follow-ups are accepted and reorderable during loading, then dispatch in order after the first response (0.397287ms)
✔ model preparation keeps a follow-up draft until the final switch boundary (0.487507ms)
✔ a failed initial load pauses accepted follow-ups for recovery (0.395193ms)
✔ a failed manual load cannot send queued local prompts on the rollback model (0.18066ms)
✔ a mixed queue finishes its external response before blocking the local follow-up (0.180981ms)
✔ resuming a blocked local follow-up preserves the pending external document check (0.200938ms)
✔ load failure invalidates a local document probe without duplicate dispatch on resume (0.158378ms)
✔ steering during loading leaves the queued prompt pending until loading finishes (0.140424ms)
✔ hydration: legacy, local=true, boundaries=0 (2.196869ms)
✔ hydration: legacy, local=true, boundaries=1 (0.192642ms)
✔ hydration: legacy, local=true, boundaries=2 (0.173686ms)
✔ hydration: legacy, local=false, boundaries=0 (0.196931ms)
✔ hydration: legacy, local=false, boundaries=1 (0.16524ms)
✔ hydration: legacy, local=false, boundaries=2 (0.154651ms)
✔ hydration: preparing, local=true, boundaries=0 (0.180719ms)
✔ hydration: preparing, local=true, boundaries=1 (0.22361ms)
✔ hydration: preparing, local=true, boundaries=2 (0.199254ms)
✔ hydration: preparing, local=false, boundaries=0 (0.190678ms)
✔ hydration: preparing, local=false, boundaries=1 (0.19655ms)
✔ hydration: preparing, local=false, boundaries=2 (0.162716ms)
✔ hydration: loading, local=true, boundaries=0 (0.166402ms)
✔ hydration: loading, local=true, boundaries=1 (0.156985ms)
✔ hydration: loading, local=true, boundaries=2 (0.181541ms)
✔ hydration: loading, local=false, boundaries=0 (0.164378ms)
✔ hydration: loading, local=false, boundaries=1 (0.214122ms)
✔ hydration: loading, local=false, boundaries=2 (0.158969ms)
✔ hydration: unloading, local=true, boundaries=0 (0.204795ms)
✔ hydration: unloading, local=true, boundaries=1 (0.146595ms)
✔ hydration: unloading, local=true, boundaries=2 (0.146636ms)
✔ hydration: unloading, local=false, boundaries=0 (0.5695ms)
✔ hydration: unloading, local=false, boundaries=1 (0.161674ms)
✔ hydration: unloading, local=false, boundaries=2 (0.157406ms)
✔ an external queue still dispatches while the local model loads (0.138461ms)
✔ a real model boundary still rejects a pending factory and preserves its draft (0.146746ms)
✔ loading defers model resolution while retaining queued sampling and permission preferences (0.172634ms)
✔ external-to-local switch waits for the incoming model: queue, failed=false (0.667735ms)
✔ external-to-local switch waits for the incoming model: queue, failed=true (0.160141ms)
✔ external-to-local switch waits for the incoming model: steer, failed=false (0.194957ms)
✔ external-to-local switch waits for the incoming model: steer, failed=true (0.157506ms)
✔ an external-to-local preparation keeps the follow-up in the composer (0.162095ms)
✔ external queues retain their provider across unrelated local loading and failure (0.382569ms)
✔ local loading still defers model resolution: checkpoint=outgoing-local (0.192191ms)
✔ local loading still defers model resolution: checkpoint=empty (0.108234ms)
✔ a model load starting during the document probe defers the pending append (0.121308ms)
✔ an explicit hosted selection during a local load retains its provider: queue (0.134803ms)
✔ an explicit hosted selection during a local load retains its provider: steer (0.115216ms)
(node:41) [DEP0205] DeprecationWarning: `module.register()` is deprecated. Use `module.registerHooks()` instead.
(Use `node --trace-deprecation ...` to show where the warning was created)
✔ a later hosted selection supersedes the local load even after returning to the original provider (1.740772ms)
✔ sampling changes and repeated checkpoint reconciliation keep the incoming load selected (0.676682ms)
ℹ tests 67
ℹ suites 0
ℹ pass 67
ℹ fail 0
ℹ cancelled 0
ℹ skipped 0
ℹ todo 0
ℹ duration_ms 360.161664
