Browser: firefox 153.0
PASS: compact menu, persistent queueing preference, steer, edit, keyboard, mouse drag, file drop, resume, races and locked states
PASS: continuous drag, sliding rows, deferred commit, cancellation, dispatch race and edge scrolling
LAYOUT: direction=ltr, width=320, zoom=1
LAYOUT: direction=ltr, width=768, zoom=0.8
LAYOUT: direction=ltr, width=768, zoom=1.25
LAYOUT: direction=ltr, width=1440, zoom=2
LAYOUT: direction=rtl, width=320, zoom=1
LAYOUT: direction=rtl, width=768, zoom=0.8
LAYOUT: direction=rtl, width=768, zoom=1.25
LAYOUT: direction=rtl, width=1440, zoom=2
PASS: lifecycle cancellation, mixed inputs, IME, RTL, zoom and responsive queue layouts
PASS: reduced motion keeps direct dragging without settling animations
MOUNT: rows=3, cold_page_ms=1064
PERF: {"rows": 3, "p95_frame_ms": 17.06, "max_frame_ms": 17.08, "idle_style_updates": 0}
MOUNT: rows=25, cold_page_ms=1181
PERF: {"rows": 25, "p95_frame_ms": 17.28, "max_frame_ms": 17.5, "idle_style_updates": 0}
MOUNT: rows=100, cold_page_ms=3813
PERF: {"rows": 100, "p95_frame_ms": 17.2, "max_frame_ms": 17.54, "idle_style_updates": 0}
MOUNT: rows=500, cold_page_ms=9287
PERF: {"rows": 500, "p95_frame_ms": 17.42, "max_frame_ms": 17.56, "idle_style_updates": 0}
