✔ steer interrupts the dispatched prompt, preserves later prompts and completed history (2.177824ms)
✔ steer starts before every pending item while a queue is waiting or paused (0.503306ms)
✔ an in-flight indexing probe cannot dispatch the old item after a steer (0.284465ms)
✔ normal queue follow-ups append without interrupting (0.186901ms)
✔ row steer retains the selected item and history, cancelling its shared target once (0.371559ms)
✔ row steer resumes paused and waiting queues with the chosen prompt first (0.518975ms)
✔ row steer handles a sole pending prompt without dropping or duplicating it (0.172183ms)
✔ row steer rejects stale, dispatched, unavailable and active research prompts (0.192852ms)
✔ row steer invalidates an in-flight document probe and waits for model loading (0.25041ms)
✔ a new steering queue waits for cancellation and rejects an unidentified target (0.404801ms)
✔ pending follow-up intent: queue to queue, wait=true (5.201738ms)
✔ pending follow-up intent: queue to queue, wait=false (0.303371ms)
✔ pending follow-up intent: queue to steer, wait=true (0.231546ms)
✔ pending follow-up intent: queue to steer, wait=false (0.201809ms)
✔ pending follow-up intent: steer to queue, wait=true (0.194065ms)
✔ pending follow-up intent: steer to queue, wait=false (0.216567ms)
✔ pending follow-up intent: steer to steer, wait=true (0.210676ms)
✔ pending follow-up intent: steer to steer, wait=false (0.201098ms)
✔ pending follow-up intent preserves distinct drafts and later repeat submissions (0.333908ms)
✔ three follow-ups are accepted and reorderable during loading, then dispatch in order after the first response (0.325723ms)
✔ model preparation keeps a follow-up draft until the final switch boundary (0.375065ms)
✔ a failed initial load pauses accepted follow-ups for recovery (0.288061ms)
✔ a failed manual load cannot send queued local prompts on the rollback model (0.14376ms)
✔ a mixed queue finishes its external response before blocking the local follow-up (0.124714ms)
✔ resuming a blocked local follow-up preserves the pending external document check (0.142448ms)
✔ load failure invalidates a local document probe without duplicate dispatch on resume (0.12744ms)
✔ steering during loading leaves the queued prompt pending until loading finishes (0.102663ms)
✔ hydration: legacy, local=true, boundaries=0 (0.712639ms)
✔ hydration: legacy, local=true, boundaries=1 (0.166463ms)
✔ hydration: legacy, local=true, boundaries=2 (0.176431ms)
✔ hydration: legacy, local=false, boundaries=0 (0.174107ms)
✔ hydration: legacy, local=false, boundaries=1 (0.161784ms)
✔ hydration: legacy, local=false, boundaries=2 (0.152928ms)
✔ hydration: preparing, local=true, boundaries=0 (0.145323ms)
✔ hydration: preparing, local=true, boundaries=1 (0.152346ms)
✔ hydration: preparing, local=true, boundaries=2 (0.194916ms)
✔ hydration: preparing, local=false, boundaries=0 (0.167675ms)
✔ hydration: preparing, local=false, boundaries=1 (0.161393ms)
✔ hydration: preparing, local=false, boundaries=2 (0.1647ms)
✔ hydration: loading, local=true, boundaries=0 (0.158988ms)
✔ hydration: loading, local=true, boundaries=1 (0.172464ms)
✔ hydration: loading, local=true, boundaries=2 (0.205717ms)
✔ hydration: loading, local=false, boundaries=0 (0.145623ms)
✔ hydration: loading, local=false, boundaries=1 (0.14918ms)
✔ hydration: loading, local=false, boundaries=2 (0.146235ms)
✔ hydration: unloading, local=true, boundaries=0 (0.15462ms)
✔ hydration: unloading, local=true, boundaries=1 (0.174728ms)
✔ hydration: unloading, local=true, boundaries=2 (0.151505ms)
✔ hydration: unloading, local=false, boundaries=0 (0.171102ms)
✔ hydration: unloading, local=false, boundaries=1 (0.155332ms)
✔ hydration: unloading, local=false, boundaries=2 (0.161604ms)
✔ an external queue still dispatches while the local model loads (0.127109ms)
✔ a real model boundary still rejects a pending factory and preserves its draft (0.135945ms)
✔ loading defers model resolution while retaining queued sampling and permission preferences (0.171092ms)
✔ external-to-local switch waits for the incoming model: queue, failed=false (0.60115ms)
✔ external-to-local switch waits for the incoming model: queue, failed=true (0.139261ms)
✔ external-to-local switch waits for the incoming model: steer, failed=false (0.168376ms)
✔ external-to-local switch waits for the incoming model: steer, failed=true (0.121849ms)
✔ an external-to-local preparation keeps the follow-up in the composer (0.160451ms)
✔ external queues retain their provider across unrelated local loading and failure (0.351531ms)
✔ local loading still defers model resolution: checkpoint=outgoing-local (0.194275ms)
✔ local loading still defers model resolution: checkpoint=empty (0.106059ms)
✔ a model load starting during the document probe defers the pending append (0.162336ms)
✔ an explicit hosted selection during a local load retains its provider: queue (0.171883ms)
✔ an explicit hosted selection during a local load retains its provider: steer (0.175761ms)
(node:89) [DEP0205] DeprecationWarning: `module.register()` is deprecated. Use `module.registerHooks()` instead.
(Use `node --trace-deprecation ...` to show where the warning was created)
✔ a later hosted selection supersedes the local load even after returning to the original provider (1.414459ms)
✔ sampling changes and repeated checkpoint reconciliation keep the incoming load selected (0.683525ms)
✔ short pastes stay inline (0.694596ms)
✔ bulk pastes become attachments by length (0.096662ms)
✔ the threshold is configurable (0.069671ms)
✔ the off choice keeps every paste inline (0.06395ms)
✔ the default is one of the offered choices (0.43085ms)
✔ the file is named after the opening of the paste (3.207179ms)
✔ pasted text files are recognised by identity (0.338326ms)
✔ the pasted text is kept beside the file, not re-read from it (0.12717ms)
✔ a file the paste check accepts always has its body, byte for byte (0.359326ms)
✔ the sent wrapper is what marks a paste after the File is gone (0.163407ms)
✔ the chip size is read off the header, never measured (0.135865ms)
✔ previewing sent content never materialises the body (0.171432ms)
✔ a paste-only message still has something to name the thread with (0.209433ms)
✔ chat search still finds what the paste moved out of the message (0.163718ms)
✔ copies and exports carry the paste, not its wrapper (0.068519ms)
✔ a sample of unwrapped content is left as it is (0.047529ms)
✔ the preview is capped, and says how much it is holding back (0.066074ms)
✔ a long text paste is swallowed and handed over as a file (0.257234ms)
✔ normal pastes and file pastes fall through untouched (0.145573ms)
✔ a paste too big to hold inline still attaches (0.050265ms)
✔ an attachment that throws on the spot reports instead of vanishing (0.118893ms)
✔ a .txt named like a pasted one keeps the normal tile (0.073909ms)
✔ native image and file payloads stay on the file paste path (0.155763ms)
✔ paste without formatting is the chord each platform binds (0.105859ms)
✔ an ordinary paste is left to the attachment threshold (0.066304ms)
✔ a keyboard reporting no code reads the physical key (0.076214ms)
✔ the chord follows the layout, not the board (0.083046ms)
✔ the Option chord follows the layout too (0.056917ms)
✔ a keyboard reporting no code falls back to the key (0.052639ms)
✔ the composer reads the chord from the keydown and clears it (6.092974ms)
✔ the chord carries a bulk paste past the threshold, inline (0.171322ms)
✔ every locale keeps the shortcut in the threshold description (4.066305ms)
✔ the settings label names the chord the composer accepts (1.777391ms)
✔ the chord only stands for the paste it asks for (0.087475ms)
ℹ tests 101
ℹ suites 0
ℹ pass 101
ℹ fail 0
ℹ cancelled 0
ℹ skipped 0
ℹ todo 0
ℹ duration_ms 342.461081
