✔ every composer send arrow uses the shared sizing class (0.956088ms)
✔ every isolated composer stop square keeps its size-3 glyph (0.375967ms)
✔ neither composer action glyph carries a device-pixel nudge (0.442743ms)
✔ a markdown block reads the render_html presence from context, not the store (0.893439ms)
✔ the render_html scan happens once per message part, above the blocks (0.27117ms)
✔ the continue bar subscribes once on a message that is not the newest (0.28729ms)
✔ the composer asks the thread-wide research question through the cache (0.432723ms)
✔ the newest message still gets the whole continue bar (0.295876ms)
✔ an unsent paste survives a reload (1.512393ms)
✔ the paste slot is separate from the text draft (0.371979ms)
✔ a paste too big for the quota does not cost the typed draft (0.242265ms)
✔ a corrupt paste slot reads as empty rather than throwing (0.467749ms)
✔ keeps every label when the row already fits (1.363463ms)
✔ collapses the leading permission pill rather than wrap the controls (0.173186ms)
✔ collapses the whole row when the first pill is not enough (0.596361ms)
✔ stays collapsed when even icons overflow (0.151204ms)
✔ skips measuring when the count or mobile rule already forces compact (1.293371ms)
✔ leaves the row on the stage it returns, so the render agrees (0.139954ms)
✔ metaKey: configured send, opposite follow-up, and newline chords (1.044494ms)
✔ ctrlKey: configured send, opposite follow-up, and newline chords (0.185218ms)
✔ do not submit {"key":"a"} (0.123692ms)
✔ do not submit {"altKey":true} (0.076263ms)
✔ do not submit {"isComposing":true} (1.301396ms)
✔ do not submit {"keyCode":229} (0.145784ms)
✔ do not submit {"repeat":true} (0.103665ms)
✔ do not submit {"metaKey":true,"ctrlKey":true} (0.048871ms)
✔ one-message override flips both preferences without changing the default (0.879924ms)
✔ legacy and malformed saved settings retain usable defaults (0.215265ms)
✔ the real preference store persists all controls and restores them on reload (18.121213ms)
✔ with nothing armed every write is applied (2.781589ms)
✔ a write carrying the just-sent text is refused (0.192753ms)
✔ the guard survives a refusal, since an engine can queue several (0.102483ms)
✔ a stale write is refused however late it arrives (0.325492ms)
✔ typing after a send is applied and retires the guard (0.112702ms)
✔ empty texts are never armed, so clearing is never refused (0.121428ms)
✔ a mutated replacement into an emptied composer is refused (0.112742ms)
✔ a replacement once the user has typed again is applied (0.080472ms)
✔ an identical re-paste is applied once the paste has retired the guard (0.370436ms)
✔ both the wrapper and the visible text are guarded (0.338877ms)
✔ a draft holding the sent text is not restored (0.31373ms)
✔ another thread's identical draft still restores (0.077115ms)
✔ an unrelated draft is restored (0.45225ms)
✔ a deliberate undo restores the sent prompt and retires the guard (0.086402ms)
✔ undo wins even over an armed wrapper pair (0.063519ms)
✔ an autocorrect commit is still refused after the undo carve-out (0.158638ms)
✔ the raw pre-send value is guarded, not just its trimmed form (0.082415ms)
✔ re-typing a one-character prompt is applied (0.081413ms)
✔ a stale write with no keystroke behind it is still refused (0.049894ms)
✔ a keystroke does not let an autocorrect commit through (0.048682ms)
✔ a keystroke does not unblock the raced draft (0.044304ms)
✔ a composition started after the send lets its commit through (0.087755ms)
✔ marking an unarmed guard is a no-op (0.056937ms)
✔ the sending Enter is not a keystroke boundary (0.099838ms)
✔ characters and IME keys are keystroke boundaries (0.054442ms)
✔ chords and bare modifiers are not keystroke boundaries (0.062387ms)
✔ a drop or a yank of the sent text is applied (0.065223ms)
✔ a deliberate write wins over an armed wrapper pair (0.063189ms)
✔ a composition begun before the send is refused (0.088055ms)
✔ a composition begun after the send is applied (0.073748ms)
✔ an AltGr character is a keystroke boundary (0.074059ms)
✔ a real Ctrl chord is still not a keystroke boundary (0.058821ms)
✔ steer interrupts the dispatched prompt, preserves later prompts and completed history (2.520989ms)
✔ steer starts before every pending item while a queue is waiting or paused (0.565924ms)
✔ an in-flight indexing probe cannot dispatch the old item after a steer (0.316205ms)
✔ normal queue follow-ups append without interrupting (0.194305ms)
✔ row steer retains the selected item and history, cancelling its shared target once (0.40466ms)
✔ row steer resumes paused and waiting queues with the chosen prompt first (0.550645ms)
✔ row steer handles a sole pending prompt without dropping or duplicating it (0.174478ms)
✔ row steer rejects stale, dispatched, unavailable and active research prompts (0.201319ms)
✔ row steer invalidates an in-flight document probe and waits for model loading (0.282101ms)
✔ a new steering queue waits for cancellation and rejects an unidentified target (0.446399ms)
✔ pending follow-up intent: queue to queue, wait=true (4.342172ms)
✔ pending follow-up intent: queue to queue, wait=false (0.391265ms)
✔ pending follow-up intent: queue to steer, wait=true (0.289264ms)
✔ pending follow-up intent: queue to steer, wait=false (0.281749ms)
✔ pending follow-up intent: steer to queue, wait=true (0.248467ms)
✔ pending follow-up intent: steer to queue, wait=false (0.304893ms)
✔ pending follow-up intent: steer to steer, wait=true (0.289865ms)
✔ pending follow-up intent: steer to steer, wait=false (0.292159ms)
✔ pending follow-up intent preserves distinct drafts and later repeat submissions (0.462129ms)
✔ three follow-ups are accepted and reorderable during loading, then dispatch in order after the first response (0.38295ms)
✔ model preparation keeps a follow-up draft until the final switch boundary (0.469031ms)
✔ a failed initial load pauses accepted follow-ups for recovery (0.38328ms)
✔ a failed manual load cannot send queued local prompts on the rollback model (0.179587ms)
✔ a mixed queue finishes its external response before blocking the local follow-up (0.177053ms)
✔ resuming a blocked local follow-up preserves the pending external document check (0.199725ms)
✔ load failure invalidates a local document probe without duplicate dispatch on resume (0.164199ms)
✔ steering during loading leaves the queued prompt pending until loading finishes (0.152297ms)
✔ hydration: legacy, local=true, boundaries=0 (2.69765ms)
✔ hydration: legacy, local=true, boundaries=1 (0.240562ms)
✔ hydration: legacy, local=true, boundaries=2 (0.19186ms)
✔ hydration: legacy, local=false, boundaries=0 (0.207761ms)
✔ hydration: legacy, local=false, boundaries=1 (0.175359ms)
✔ hydration: legacy, local=false, boundaries=2 (0.163968ms)
✔ hydration: preparing, local=true, boundaries=0 (0.153829ms)
✔ hydration: preparing, local=true, boundaries=1 (0.204234ms)
✔ hydration: preparing, local=true, boundaries=2 (0.217238ms)
✔ hydration: preparing, local=false, boundaries=0 (0.187432ms)
✔ hydration: preparing, local=false, boundaries=1 (0.162306ms)
✔ hydration: preparing, local=false, boundaries=2 (0.179247ms)
✔ hydration: loading, local=true, boundaries=0 (0.160763ms)
✔ hydration: loading, local=true, boundaries=1 (0.161303ms)
✔ hydration: loading, local=true, boundaries=2 (0.162877ms)
✔ hydration: loading, local=false, boundaries=0 (0.151945ms)
✔ hydration: loading, local=false, boundaries=1 (0.184316ms)
✔ hydration: loading, local=false, boundaries=2 (0.149621ms)
✔ hydration: unloading, local=true, boundaries=0 (0.157136ms)
✔ hydration: unloading, local=true, boundaries=1 (0.141637ms)
✔ hydration: unloading, local=true, boundaries=2 (0.161724ms)
✔ hydration: unloading, local=false, boundaries=0 (0.230303ms)
✔ hydration: unloading, local=false, boundaries=1 (0.187092ms)
✔ hydration: unloading, local=false, boundaries=2 (0.21852ms)
✔ an external queue still dispatches while the local model loads (0.193524ms)
✔ a real model boundary still rejects a pending factory and preserves its draft (0.201919ms)
✔ loading defers model resolution while retaining queued sampling and permission preferences (0.180679ms)
✔ external-to-local switch waits for the incoming model: queue, failed=false (0.631697ms)
✔ external-to-local switch waits for the incoming model: queue, failed=true (0.140965ms)
✔ external-to-local switch waits for the incoming model: steer, failed=false (0.184577ms)
✔ external-to-local switch waits for the incoming model: steer, failed=true (0.125556ms)
✔ an external-to-local preparation keeps the follow-up in the composer (0.155793ms)
✔ external queues retain their provider across unrelated local loading and failure (0.36173ms)
✔ local loading still defers model resolution: checkpoint=outgoing-local (0.190929ms)
✔ local loading still defers model resolution: checkpoint=empty (0.105057ms)
✔ a model load starting during the document probe defers the pending append (0.116649ms)
✔ an explicit hosted selection during a local load retains its provider: queue (0.137709ms)
✔ an explicit hosted selection during a local load retains its provider: steer (0.147768ms)
✔ the shipped main composer key handler protects IME and mention selection (0.605599ms)
✔ parked send retains the submitted follow-up choice with runtime state at release (0.557438ms)
✔ parked send retains the submitted follow-up choice with pre-stream state at release (0.095951ms)
✔ parked send retains the submitted follow-up choice with queue state at release (0.092594ms)
✔ parked send retains the submitted follow-up choice with idle state at release (0.102132ms)
✔ main, edit and comparison composers use the setting and expose settings access (0.81941ms)
✔ expansion is reset wherever the composer is emptied, not only on send (3.440347ms)
✔ Escape collapses unless it closes the mention popover (3.140573ms)
(node:106) [DEP0205] DeprecationWarning: `module.register()` is deprecated. Use `module.registerHooks()` instead.
(Use `node --trace-deprecation ...` to show where the warning was created)
✔ a later hosted selection supersedes the local load even after returning to the original provider (1.77672ms)
✔ sampling changes and repeated checkpoint reconciliation keep the incoming load selected (1.051055ms)
✔ every platform's queue chord matches (0.930909ms)
✔ the numeric keypad's Enter is the same chord (0.139142ms)
✔ Shift disqualifies the chord whatever else is held (2.175149ms)
✔ a bare Enter is not the chord (0.123943ms)
✔ only the Enter key is the chord, and the name is case sensitive (1.428054ms)
✔ AltGr+Enter on a Windows layout does not queue (0.102874ms)
✔ an event without altKey at all still matches (2.160081ms)
✔ a queue row's drag is recognised however the engine lists the types (0.133431ms)
✔ nothing else counts as a queue drag (0.119134ms)
✔ a near-miss type is not the queue type (0.171012ms)
✔ a pending start is only this thread's while it is live (0.144953ms)
✔ a new chat's null thread matches only another null (0.110558ms)
✔ a Map's values are consumed exactly once, as the caller passes them (0.093456ms)
✔ the pasted-text key is stable and separates what it must (0.160341ms)
✔ the pasted-text key survives text that looks like its own encoding (0.080531ms)
✔ the pasted-text key handles unicode and long prompts (0.125436ms)
✔ no key is both a queue chord and a guard-retiring keystroke (0.32469ms)
✔ AltGr reads the same way to the chord and to the guard (3.606409ms)
✔ Cmd or Ctrl plus Enter is the queue chord (1.493708ms)
✔ Shift+Enter stays a newline, with or without a modifier (0.333907ms)
✔ plain Enter and other keys are left alone (0.126819ms)
✔ a drag carrying the queue type is a reorder (0.128492ms)
✔ file and foreign drags are not claimed (0.223911ms)
✔ the drag type is private to the queue (0.19162ms)
✔ a pending start counts as queueing for its own thread (0.363163ms)
✔ another thread's pending start does not block this one (1.24493ms)
✔ a cancelled reservation stops counting (0.119885ms)
✔ nothing pending is not queueing (0.15972ms)
✔ a new chat's pending start is matched on null (0.099276ms)
✔ one live reservation among cancelled ones still counts (1.056717ms)
✔ concurrent pasted-text reads are tracked per thread (0.102864ms)
✔ the same pasted prompt reads under one key (0.68055ms)
✔ a different thread, text or attachment is a different read (0.124244ms)
✔ reordered attachments are a different read (0.089198ms)
✔ a null thread does not collide with a named one (0.490462ms)
✔ a local model stop preserves an active external item (1.210916ms)
✔ a dispatched local item is cancelled without losing external follow-ups (0.134753ms)
✔ an undispatched local item is dropped without losing external follow-ups (0.193383ms)
✔ completed queue history is preserved when pending local work is dropped (0.141436ms)
✔ a local model boundary invalidates only pending local factories (0.24965ms)
✔ a new local factory is accepted within the current model boundary (0.105909ms)
✔ a hydrated queue aborts when accepted settings or temporary mode changed (0.205105ms)
✔ every accepted move is a permutation that loses nothing (3.821554ms)
✔ the range check and the reorder never disagree (1.030417ms)
✔ the dragged item lands exactly where the drop said (0.191239ms)
✔ nothing at or before the dispatching slot ever moves (0.38833ms)
✔ a move and its reverse restore the queue (0.263475ms)
✔ the caller's array is never mutated (0.167715ms)
✔ a frozen queue can be reordered (0.112021ms)
✔ indices that are not real positions are refused (0.167935ms)
✔ an empty queue and a single row have nothing to reorder (0.122059ms)
✔ an active slot past the end refuses everything (0.137518ms)
✔ the dispatch-changed flag agrees with the slot it reports on (0.295475ms)
✔ a run that has not dispatched yet reports no dispatch change (0.148639ms)
✔ the flag compares identity, not contents (0.100119ms)
✔ a downward drag lands after the target (1.434456ms)
✔ an upward drag lands before the target (0.145313ms)
✔ adjacent rows swap (0.237206ms)
✔ the queue keeps every item, and the source array is untouched (0.188795ms)
✔ a move onto itself is refused (0.215485ms)
✔ nothing crosses the item about to dispatch (0.119885ms)
✔ out-of-range and non-integer indices are refused (0.191339ms)
✔ the range check agrees with the reorder it guards (0.161213ms)
✔ a move into the active slot reports the dispatch target changed (0.601761ms)
✔ a move below the active slot leaves the dispatch target alone (1.559431ms)
✔ a run with no active item reports no change (0.187473ms)
✔ a dispatched stop keeps pending follow-ups and pauses (1.343034ms)
✔ a dispatched stop with no follow-ups leaves nothing to resume (0.130616ms)
✔ a queue still waiting to start is paused without cancelling (0.125667ms)
✔ completed history without follow-ups is retained and not paused (0.194446ms)
✔ pausing a shared-target batch still lets the next prompt append (0.222378ms)
✔ a stop with nothing left permanently cancels the shared target (0.142428ms)
ℹ tests 208
ℹ suites 0
ℹ pass 208
ℹ fail 0
ℹ cancelled 0
ℹ skipped 0
ℹ todo 0
ℹ duration_ms 502.521464
