FFFFF                                                                    [100%]
=================================== FAILURES ===================================
_ test_proxy_command_requires_approval[import paramiko; paramiko.ProxyCommand('ssh -F none approved.example')] _
/evidence/round7_regressions.py:14: in test_proxy_command_requires_approval
    assert _check_code_safety(code,session_id='round7') is not None
E   assert None is not None
E    +  where None = _check_code_safety("import paramiko; paramiko.ProxyCommand('ssh -F none approved.example')", session_id='round7')
_ test_proxy_command_requires_approval[from paramiko import ProxyCommand as Proxy; Proxy('ssh -F none approved.example')] _
/evidence/round7_regressions.py:14: in test_proxy_command_requires_approval
    assert _check_code_safety(code,session_id='round7') is not None
E   assert None is not None
E    +  where None = _check_code_safety("from paramiko import ProxyCommand as Proxy; Proxy('ssh -F none approved.example')", session_id='round7')
_ test_proxy_command_requires_approval[from paramiko.proxy import ProxyCommand; ProxyCommand('ssh -F none approved.example')] _
/evidence/round7_regressions.py:14: in test_proxy_command_requires_approval
    assert _check_code_safety(code,session_id='round7') is not None
E   assert None is not None
E    +  where None = _check_code_safety("from paramiko.proxy import ProxyCommand; ProxyCommand('ssh -F none approved.example')", session_id='round7')
_ test_proxy_command_requires_approval[import paramiko.proxy as proxy; proxy.ProxyCommand(command='ssh -F none approved.example')] _
/evidence/round7_regressions.py:14: in test_proxy_command_requires_approval
    assert _check_code_safety(code,session_id='round7') is not None
E   assert None is not None
E    +  where None = _check_code_safety("import paramiko.proxy as proxy; proxy.ProxyCommand(command='ssh -F none approved.example')", session_id='round7')
_ test_proxy_command_requires_approval[import paramiko; Proxy=paramiko.ProxyCommand; Proxy('ssh -F none approved.example')] _
/evidence/round7_regressions.py:14: in test_proxy_command_requires_approval
    assert _check_code_safety(code,session_id='round7') is not None
E   assert None is not None
E    +  where None = _check_code_safety("import paramiko; Proxy=paramiko.ProxyCommand; Proxy('ssh -F none approved.example')", session_id='round7')
=============================== warnings summary ===============================
studio/backend/core/inference/tool_confinement.py:262
  /work/studio/backend/core/inference/tool_confinement.py:262: DeprecationWarning: Due to '_pack_', the '_PathBeneathAttr' Structure will use memory layout compatible with MSVC (Windows). If this is intended, set _layout_ to 'ms'. The implicit default is deprecated and slated to become an error in Python 3.19.
    class _PathBeneathAttr(ctypes.Structure):

-- Docs: https://docs.pytest.org/en/stable/how-to/capture-warnings.html
=========================== short test summary info ============================
FAILED ../evidence/round7_regressions.py::test_proxy_command_requires_approval[import paramiko; paramiko.ProxyCommand('ssh -F none approved.example')]
FAILED ../evidence/round7_regressions.py::test_proxy_command_requires_approval[from paramiko import ProxyCommand as Proxy; Proxy('ssh -F none approved.example')]
FAILED ../evidence/round7_regressions.py::test_proxy_command_requires_approval[from paramiko.proxy import ProxyCommand; ProxyCommand('ssh -F none approved.example')]
FAILED ../evidence/round7_regressions.py::test_proxy_command_requires_approval[import paramiko.proxy as proxy; proxy.ProxyCommand(command='ssh -F none approved.example')]
FAILED ../evidence/round7_regressions.py::test_proxy_command_requires_approval[import paramiko; Proxy=paramiko.ProxyCommand; Proxy('ssh -F none approved.example')]
5 failed, 1 warning in 0.11s
