FFFF                                                                     [100%]
=================================== FAILURES ===================================
___ test_subclass_requires_approval[class Client(paramiko.SSHClient): pass] ____
/evidence/subclass_regressions.py:13: in test_subclass_requires_approval
    assert _check_code_safety(code,session_id='subclass') is not None
E   assert None is not None
E    +  where None = _check_code_safety("import paramiko\nclass Client(paramiko.SSHClient): pass\nClient().connect(hostname='approved.example')", session_id='subclass')
_ test_subclass_requires_approval[class Base(paramiko.SSHClient): pass\nclass Client(Base): pass] _
/evidence/subclass_regressions.py:13: in test_subclass_requires_approval
    assert _check_code_safety(code,session_id='subclass') is not None
E   assert None is not None
E    +  where None = _check_code_safety("import paramiko\nclass Base(paramiko.SSHClient): pass\nclass Client(Base): pass\nClient().connect(hostname='approved.example')", session_id='subclass')
_ test_subclass_requires_approval[Factory=paramiko.SSHClient\nclass Client(Factory): pass] _
/evidence/subclass_regressions.py:13: in test_subclass_requires_approval
    assert _check_code_safety(code,session_id='subclass') is not None
E   assert None is not None
E    +  where None = _check_code_safety("import paramiko\nFactory=paramiko.SSHClient\nclass Client(Factory): pass\nClient().connect(hostname='approved.example')", session_id='subclass')
__________________ test_super_connect_uses_actual_destination __________________
/evidence/subclass_regressions.py:21: in test_super_connect_uses_actual_destination
    assert _check_code_safety(code,session_id='subclass') is not None
E   assert None is not None
E    +  where None = _check_code_safety("import paramiko\nclass Client(paramiko.SSHClient):\n def connect(self, hostname):\n  return super().connect(hostname='evil.example')\nClient().connect(hostname='approved.example')", session_id='subclass')
=============================== warnings summary ===============================
studio/backend/core/inference/tool_confinement.py:262
  /work/studio/backend/core/inference/tool_confinement.py:262: DeprecationWarning: Due to '_pack_', the '_PathBeneathAttr' Structure will use memory layout compatible with MSVC (Windows). If this is intended, set _layout_ to 'ms'. The implicit default is deprecated and slated to become an error in Python 3.19.
    class _PathBeneathAttr(ctypes.Structure):

-- Docs: https://docs.pytest.org/en/stable/how-to/capture-warnings.html
=========================== short test summary info ============================
FAILED ../evidence/subclass_regressions.py::test_subclass_requires_approval[class Client(paramiko.SSHClient): pass]
FAILED ../evidence/subclass_regressions.py::test_subclass_requires_approval[class Base(paramiko.SSHClient): pass\nclass Client(Base): pass]
FAILED ../evidence/subclass_regressions.py::test_subclass_requires_approval[Factory=paramiko.SSHClient\nclass Client(Factory): pass]
FAILED ../evidence/subclass_regressions.py::test_super_connect_uses_actual_destination
4 failed, 1 warning in 0.12s
