........................................................................ [  3%]
........................................................................ [  6%]
........................................................................ [  9%]
.......................s................................................ [ 13%]
........................................................................ [ 16%]
........................................................................ [ 19%]
........................................................................ [ 23%]
........................................................................ [ 26%]
........................................................................ [ 29%]
........................................................................ [ 33%]
........................................................................ [ 36%]
........................................................................ [ 39%]
........................................................................ [ 42%]
........................................................................ [ 46%]
........................................................................ [ 49%]
........................................................................ [ 52%]
........................................................................ [ 56%]
........................................................................ [ 59%]
........................................................................ [ 62%]
........................................................................ [ 66%]
........................................................................ [ 69%]
........................................................................ [ 72%]
........................................................................ [ 75%]
........................................................................ [ 79%]
........................................................................ [ 82%]
........................................................................ [ 85%]
........................................................................ [ 89%]
........................................................................ [ 92%]
........................................................................ [ 95%]
........................................................................ [ 99%]
.....................                                                    [100%]
=============================== warnings summary ===============================
studio/backend/core/inference/tool_confinement.py:262
  /work/studio/backend/core/inference/tool_confinement.py:262: DeprecationWarning: Due to '_pack_', the '_PathBeneathAttr' Structure will use memory layout compatible with MSVC (Windows). If this is intended, set _layout_ to 'ms'. The implicit default is deprecated and slated to become an error in Python 3.19.
    class _PathBeneathAttr(ctypes.Structure):

-- Docs: https://docs.pytest.org/en/stable/how-to/capture-warnings.html
2180 passed, 1 skipped, 1 warning in 6.42s
