FF                                                                       [100%]
=================================== FAILURES ===================================
_ TestNetworkTargetResolution.test_session_alias_preserves_proxy_state[alias = s\nalias.proxies = {'https': 'http://203.0.113.5'}-s] _

self = <studio.backend.tests.test_sandbox_tools.TestNetworkTargetResolution object at 0x754de8a0b980>
setup = "alias = s\nalias.proxies = {'https': 'http://203.0.113.5'}"
receiver = 's'

    @pytest.mark.parametrize(
        "setup, receiver",
        [
            ("alias = s\nalias.proxies = {'https': 'http://203.0.113.5'}", "s"),
            ("s.proxies = {'https': 'http://203.0.113.5'}\nalias = s", "alias"),
        ],
    )
    def test_session_alias_preserves_proxy_state(self, setup, receiver):
        code = (
            "import requests\ns = requests.Session()\n"
            f"{setup}\n{receiver}.get('https://pypi.org/')"
        )
>       _blocked(code, expect_phrase = "Blocked: host not in sandbox allowlist")

studio/backend/tests/test_sandbox_tools.py:850: 
_ _ _ _ _ _ _ _ _ _ _ _ _ _ _ _ _ _ _ _ _ _ _ _ _ _ _ _ _ _ _ _ _ _ _ _ _ _ _ _ 

code = "import requests\ns = requests.Session()\nalias = s\nalias.proxies = {'https': 'http://203.0.113.5'}\ns.get('https://pypi.org/')"
expect_phrase = 'Blocked: host not in sandbox allowlist'

    def _blocked(code: str, *, expect_phrase: str):
        msg = _check_code_safety(code)
>       assert msg is not None, code
E       AssertionError: import requests
E         s = requests.Session()
E         alias = s
E         alias.proxies = {'https': 'http://203.0.113.5'}
E         s.get('https://pypi.org/')
E       assert None is not None

studio/backend/tests/test_sandbox_tools.py:35: AssertionError
------------------------------ Captured log setup ------------------------------
WARNING  storage.rag_db:rag_db.py:34 RAG unavailable: sqlite-vec could not be imported (No module named 'sqlite_vec')
_ TestNetworkTargetResolution.test_session_alias_preserves_proxy_state[s.proxies = {'https': 'http://203.0.113.5'}\nalias = s-alias] _

self = <studio.backend.tests.test_sandbox_tools.TestNetworkTargetResolution object at 0x754de8a0bb00>
setup = "s.proxies = {'https': 'http://203.0.113.5'}\nalias = s"
receiver = 'alias'

    @pytest.mark.parametrize(
        "setup, receiver",
        [
            ("alias = s\nalias.proxies = {'https': 'http://203.0.113.5'}", "s"),
            ("s.proxies = {'https': 'http://203.0.113.5'}\nalias = s", "alias"),
        ],
    )
    def test_session_alias_preserves_proxy_state(self, setup, receiver):
        code = (
            "import requests\ns = requests.Session()\n"
            f"{setup}\n{receiver}.get('https://pypi.org/')"
        )
>       _blocked(code, expect_phrase = "Blocked: host not in sandbox allowlist")

studio/backend/tests/test_sandbox_tools.py:850: 
_ _ _ _ _ _ _ _ _ _ _ _ _ _ _ _ _ _ _ _ _ _ _ _ _ _ _ _ _ _ _ _ _ _ _ _ _ _ _ _ 

code = "import requests\ns = requests.Session()\ns.proxies = {'https': 'http://203.0.113.5'}\nalias = s\nalias.get('https://pypi.org/')"
expect_phrase = 'Blocked: host not in sandbox allowlist'

    def _blocked(code: str, *, expect_phrase: str):
        msg = _check_code_safety(code)
>       assert msg is not None, code
E       AssertionError: import requests
E         s = requests.Session()
E         s.proxies = {'https': 'http://203.0.113.5'}
E         alias = s
E         alias.get('https://pypi.org/')
E       assert None is not None

studio/backend/tests/test_sandbox_tools.py:35: AssertionError
=========================== short test summary info ============================
FAILED studio/backend/tests/test_sandbox_tools.py::TestNetworkTargetResolution::test_session_alias_preserves_proxy_state[alias = s\nalias.proxies = {'https': 'http://203.0.113.5'}-s]
FAILED studio/backend/tests/test_sandbox_tools.py::TestNetworkTargetResolution::test_session_alias_preserves_proxy_state[s.proxies = {'https': 'http://203.0.113.5'}\nalias = s-alias]
2 failed, 566 deselected in 1.11s
