FFF.                                                                     [100%]
=================================== FAILURES ===================================
_ TestNetworkTargetResolution.test_bound_method_alias_retains_original_proxy[fetch = s.get] _

self = <studio.backend.tests.test_sandbox_tools.TestNetworkTargetResolution object at 0x7847aee38d40>
setup = 'fetch = s.get'

    @pytest.mark.parametrize("setup", ["fetch = s.get", "fetch = s.get\ns = requests.Session()"])
    def test_bound_method_alias_retains_original_proxy(self, setup):
        code = (
            "import requests\ns = requests.Session()\n"
            "s.proxies = {'https': 'http://203.0.113.5'}\n"
            f"{setup}\nfetch('https://pypi.org/')"
        )
>       _blocked(code, expect_phrase = "Blocked: host not in sandbox allowlist")

studio/backend/tests/test_sandbox_tools.py:971: 
_ _ _ _ _ _ _ _ _ _ _ _ _ _ _ _ _ _ _ _ _ _ _ _ _ _ _ _ _ _ _ _ _ _ _ _ _ _ _ _ 

code = "import requests\ns = requests.Session()\ns.proxies = {'https': 'http://203.0.113.5'}\nfetch = s.get\nfetch('https://pypi.org/')"
expect_phrase = 'Blocked: host not in sandbox allowlist'

    def _blocked(code: str, *, expect_phrase: str):
        msg = _check_code_safety(code)
>       assert msg is not None, code
E       AssertionError: import requests
E         s = requests.Session()
E         s.proxies = {'https': 'http://203.0.113.5'}
E         fetch = s.get
E         fetch('https://pypi.org/')
E       assert None is not None

studio/backend/tests/test_sandbox_tools.py:35: AssertionError
------------------------------ Captured log setup ------------------------------
WARNING  storage.rag_db:rag_db.py:34 RAG unavailable: sqlite-vec could not be imported (No module named 'sqlite_vec')
_ TestNetworkTargetResolution.test_bound_method_alias_retains_original_proxy[fetch = s.get\ns = requests.Session()] _

self = <studio.backend.tests.test_sandbox_tools.TestNetworkTargetResolution object at 0x7847aee38e90>
setup = 'fetch = s.get\ns = requests.Session()'

    @pytest.mark.parametrize("setup", ["fetch = s.get", "fetch = s.get\ns = requests.Session()"])
    def test_bound_method_alias_retains_original_proxy(self, setup):
        code = (
            "import requests\ns = requests.Session()\n"
            "s.proxies = {'https': 'http://203.0.113.5'}\n"
            f"{setup}\nfetch('https://pypi.org/')"
        )
>       _blocked(code, expect_phrase = "Blocked: host not in sandbox allowlist")

studio/backend/tests/test_sandbox_tools.py:971: 
_ _ _ _ _ _ _ _ _ _ _ _ _ _ _ _ _ _ _ _ _ _ _ _ _ _ _ _ _ _ _ _ _ _ _ _ _ _ _ _ 

code = "import requests\ns = requests.Session()\ns.proxies = {'https': 'http://203.0.113.5'}\nfetch = s.get\ns = requests.Session()\nfetch('https://pypi.org/')"
expect_phrase = 'Blocked: host not in sandbox allowlist'

    def _blocked(code: str, *, expect_phrase: str):
        msg = _check_code_safety(code)
>       assert msg is not None, code
E       AssertionError: import requests
E         s = requests.Session()
E         s.proxies = {'https': 'http://203.0.113.5'}
E         fetch = s.get
E         s = requests.Session()
E         fetch('https://pypi.org/')
E       assert None is not None

studio/backend/tests/test_sandbox_tools.py:35: AssertionError
__ TestNetworkTargetResolution.test_bound_method_alias_sees_later_proxy_write __

self = <studio.backend.tests.test_sandbox_tools.TestNetworkTargetResolution object at 0x7847aee395e0>

    def test_bound_method_alias_sees_later_proxy_write(self):
>       _blocked(
            "import requests\ns = requests.Session()\nfetch = s.get\n"
            "s.proxies = {'https': 'http://203.0.113.5'}\nfetch('https://pypi.org/')",
            expect_phrase = "Blocked: host not in sandbox allowlist",
        )

studio/backend/tests/test_sandbox_tools.py:974: 
_ _ _ _ _ _ _ _ _ _ _ _ _ _ _ _ _ _ _ _ _ _ _ _ _ _ _ _ _ _ _ _ _ _ _ _ _ _ _ _ 

code = "import requests\ns = requests.Session()\nfetch = s.get\ns.proxies = {'https': 'http://203.0.113.5'}\nfetch('https://pypi.org/')"
expect_phrase = 'Blocked: host not in sandbox allowlist'

    def _blocked(code: str, *, expect_phrase: str):
        msg = _check_code_safety(code)
>       assert msg is not None, code
E       AssertionError: import requests
E         s = requests.Session()
E         fetch = s.get
E         s.proxies = {'https': 'http://203.0.113.5'}
E         fetch('https://pypi.org/')
E       assert None is not None

studio/backend/tests/test_sandbox_tools.py:35: AssertionError
=========================== short test summary info ============================
FAILED studio/backend/tests/test_sandbox_tools.py::TestNetworkTargetResolution::test_bound_method_alias_retains_original_proxy[fetch = s.get]
FAILED studio/backend/tests/test_sandbox_tools.py::TestNetworkTargetResolution::test_bound_method_alias_retains_original_proxy[fetch = s.get\ns = requests.Session()]
FAILED studio/backend/tests/test_sandbox_tools.py::TestNetworkTargetResolution::test_bound_method_alias_sees_later_proxy_write
3 failed, 1 passed, 599 deselected in 1.16s
