FF...                                                                    [100%]
=================================== FAILURES ===================================
_ TestNetworkTargetResolution.test_unrelated_same_named_function_does_not_activate_proxy_store[class Other:\n    def configure(self): pass\nOther().configure()] _

self = <studio.backend.tests.test_sandbox_tools.TestNetworkTargetResolution object at 0x787358381af0>
other = 'class Other:\n    def configure(self): pass\nOther().configure()'

    @pytest.mark.parametrize("other", ["class Other:\n    def configure(self): pass\nOther().configure()", "def run():\n    def configure(): pass\n    configure()\nrun()"])
    def test_unrelated_same_named_function_does_not_activate_proxy_store(self, other):
        code = f"import requests\ns=requests.Session()\ndef configure():\n    s.proxies={{'https':'http://203.0.113.5/'}}\n{other}\ns.get('https://pypi.org/')"
>       assert _check_code_safety(code) is None
E       assert 'Error: unsafe code detected (Blocked: host not in sandbox allowlist; use an allowed informational source). Please remove unsafe patterns from your code.' is None
E        +  where 'Error: unsafe code detected (Blocked: host not in sandbox allowlist; use an allowed informational source). Please remove unsafe patterns from your code.' = _check_code_safety("import requests\ns=requests.Session()\ndef configure():\n    s.proxies={'https':'http://203.0.113.5/'}\nclass Other:\n    def configure(self): pass\nOther().configure()\ns.get('https://pypi.org/')")

studio/backend/tests/test_sandbox_tools.py:1446: AssertionError
------------------------------ Captured log setup ------------------------------
WARNING  storage.rag_db:rag_db.py:34 RAG unavailable: sqlite-vec could not be imported (No module named 'sqlite_vec')
_ TestNetworkTargetResolution.test_unrelated_same_named_function_does_not_activate_proxy_store[def run():\n    def configure(): pass\n    configure()\nrun()] _

self = <studio.backend.tests.test_sandbox_tools.TestNetworkTargetResolution object at 0x787358381c40>
other = 'def run():\n    def configure(): pass\n    configure()\nrun()'

    @pytest.mark.parametrize("other", ["class Other:\n    def configure(self): pass\nOther().configure()", "def run():\n    def configure(): pass\n    configure()\nrun()"])
    def test_unrelated_same_named_function_does_not_activate_proxy_store(self, other):
        code = f"import requests\ns=requests.Session()\ndef configure():\n    s.proxies={{'https':'http://203.0.113.5/'}}\n{other}\ns.get('https://pypi.org/')"
>       assert _check_code_safety(code) is None
E       assert 'Error: unsafe code detected (Blocked: host not in sandbox allowlist; use an allowed informational source). Please remove unsafe patterns from your code.' is None
E        +  where 'Error: unsafe code detected (Blocked: host not in sandbox allowlist; use an allowed informational source). Please remove unsafe patterns from your code.' = _check_code_safety("import requests\ns=requests.Session()\ndef configure():\n    s.proxies={'https':'http://203.0.113.5/'}\ndef run():\n    def configure(): pass\n    configure()\nrun()\ns.get('https://pypi.org/')")

studio/backend/tests/test_sandbox_tools.py:1446: AssertionError
=========================== short test summary info ============================
FAILED studio/backend/tests/test_sandbox_tools.py::TestNetworkTargetResolution::test_unrelated_same_named_function_does_not_activate_proxy_store[class Other:\n    def configure(self): pass\nOther().configure()]
FAILED studio/backend/tests/test_sandbox_tools.py::TestNetworkTargetResolution::test_unrelated_same_named_function_does_not_activate_proxy_store[def run():\n    def configure(): pass\n    configure()\nrun()]
2 failed, 3 passed, 981 deselected in 1.20s
