F.                                                                       [100%]
=================================== FAILURES ===================================
_______ TestNetworkTargetResolution.test_first_mixin_override_stays_safe _______

self = <studio.backend.tests.test_sandbox_tools.TestNetworkTargetResolution object at 0x7086f3a4a540>

    def test_first_mixin_override_stays_safe(self):
        code = (
            "import requests\nclass Local:\n    def get(self, url):\n        return url\n"
            "class Client(Local, requests.Session):\n    pass\nClient().get('http://203.0.113.5/')"
        )
>       _ok(code)

studio/backend/tests/test_sandbox_tools.py:1151: 
_ _ _ _ _ _ _ _ _ _ _ _ _ _ _ _ _ _ _ _ _ _ _ _ _ _ _ _ _ _ _ _ _ _ _ _ _ _ _ _ 

code = "import requests\nclass Local:\n    def get(self, url):\n        return url\nclass Client(Local, requests.Session):\n    pass\nClient().get('http://203.0.113.5/')"

    def _ok(code: str):
>       assert _check_code_safety(code) is None, code
E       AssertionError: import requests
E         class Local:
E             def get(self, url):
E                 return url
E         class Client(Local, requests.Session):
E             pass
E         Client().get('http://203.0.113.5/')
E       assert 'Error: unsafe code detected (Blocked: host not in sandbox allowlist; use an allowed informational source). Please remove unsafe patterns from your code.' is None
E        +  where 'Error: unsafe code detected (Blocked: host not in sandbox allowlist; use an allowed informational source). Please remove unsafe patterns from your code.' = _check_code_safety("import requests\nclass Local:\n    def get(self, url):\n        return url\nclass Client(Local, requests.Session):\n    pass\nClient().get('http://203.0.113.5/')")

studio/backend/tests/test_sandbox_tools.py:30: AssertionError
------------------------------ Captured log setup ------------------------------
WARNING  storage.rag_db:rag_db.py:34 RAG unavailable: sqlite-vec could not be imported (No module named 'sqlite_vec')
=========================== short test summary info ============================
FAILED studio/backend/tests/test_sandbox_tools.py::TestNetworkTargetResolution::test_first_mixin_override_stays_safe
1 failed, 1 passed, 644 deselected in 1.06s
