........FFFFFF                                                           [100%]
=================================== FAILURES ===================================
_ TestNetworkTargetResolution.test_local_network_method_override_stays_safe[session-def get(self, url):\n        return url] _

self = <studio.backend.tests.test_sandbox_tools.TestNetworkTargetResolution object at 0x783488796420>
implementation = 'def get(self, url):\n        return url', client = 'session'

    @pytest.mark.parametrize(
        "implementation",
        [
            "def get(self, url):\n        return url",
            "@staticmethod\n    def get(url):\n        return url",
            "@classmethod\n    def get(cls, url):\n        return url",
            "get = lambda self, url: url",
        ],
    )
    @pytest.mark.parametrize("client", ["Local()", "Child()", "session"])
    def test_local_network_method_override_stays_safe(self, implementation, client):
        code = (
            f"import requests\nclass Local(requests.Session):\n    {implementation}\n"
            f"class Child(Local):\n    pass\nsession = Child()\n{client}.get('http://203.0.113.5/')"
        )
>       _ok(code)

studio/backend/tests/test_sandbox_tools.py:1090: 
_ _ _ _ _ _ _ _ _ _ _ _ _ _ _ _ _ _ _ _ _ _ _ _ _ _ _ _ _ _ _ _ _ _ _ _ _ _ _ _ 

code = "import requests\nclass Local(requests.Session):\n    def get(self, url):\n        return url\nclass Child(Local):\n    pass\nsession = Child()\nsession.get('http://203.0.113.5/')"

    def _ok(code: str):
>       assert _check_code_safety(code) is None, code
E       AssertionError: import requests
E         class Local(requests.Session):
E             def get(self, url):
E                 return url
E         class Child(Local):
E             pass
E         session = Child()
E         session.get('http://203.0.113.5/')
E       assert 'Error: unsafe code detected (Blocked: host not in sandbox allowlist; use an allowed informational source). Please remove unsafe patterns from your code.' is None
E        +  where 'Error: unsafe code detected (Blocked: host not in sandbox allowlist; use an allowed informational source). Please remove unsafe patterns from your code.' = _check_code_safety("import requests\nclass Local(requests.Session):\n    def get(self, url):\n        return url\nclass Child(Local):\n    pass\nsession = Child()\nsession.get('http://203.0.113.5/')")

studio/backend/tests/test_sandbox_tools.py:30: AssertionError
_ TestNetworkTargetResolution.test_local_network_method_override_stays_safe[session-@staticmethod\n    def get(url):\n        return url] _

self = <studio.backend.tests.test_sandbox_tools.TestNetworkTargetResolution object at 0x7834887969f0>
implementation = '@staticmethod\n    def get(url):\n        return url'
client = 'session'

    @pytest.mark.parametrize(
        "implementation",
        [
            "def get(self, url):\n        return url",
            "@staticmethod\n    def get(url):\n        return url",
            "@classmethod\n    def get(cls, url):\n        return url",
            "get = lambda self, url: url",
        ],
    )
    @pytest.mark.parametrize("client", ["Local()", "Child()", "session"])
    def test_local_network_method_override_stays_safe(self, implementation, client):
        code = (
            f"import requests\nclass Local(requests.Session):\n    {implementation}\n"
            f"class Child(Local):\n    pass\nsession = Child()\n{client}.get('http://203.0.113.5/')"
        )
>       _ok(code)

studio/backend/tests/test_sandbox_tools.py:1090: 
_ _ _ _ _ _ _ _ _ _ _ _ _ _ _ _ _ _ _ _ _ _ _ _ _ _ _ _ _ _ _ _ _ _ _ _ _ _ _ _ 

code = "import requests\nclass Local(requests.Session):\n    @staticmethod\n    def get(url):\n        return url\nclass Child(Local):\n    pass\nsession = Child()\nsession.get('http://203.0.113.5/')"

    def _ok(code: str):
>       assert _check_code_safety(code) is None, code
E       AssertionError: import requests
E         class Local(requests.Session):
E             @staticmethod
E             def get(url):
E                 return url
E         class Child(Local):
E             pass
E         session = Child()
E         session.get('http://203.0.113.5/')
E       assert 'Error: unsafe code detected (Blocked: host not in sandbox allowlist; use an allowed informational source). Please remove unsafe patterns from your code.' is None
E        +  where 'Error: unsafe code detected (Blocked: host not in sandbox allowlist; use an allowed informational source). Please remove unsafe patterns from your code.' = _check_code_safety("import requests\nclass Local(requests.Session):\n    @staticmethod\n    def get(url):\n        return url\nclass Child(Local):\n    pass\nsession = Child()\nsession.get('http://203.0.113.5/')")

studio/backend/tests/test_sandbox_tools.py:30: AssertionError
_ TestNetworkTargetResolution.test_local_network_method_override_stays_safe[session-@classmethod\n    def get(cls, url):\n        return url] _

self = <studio.backend.tests.test_sandbox_tools.TestNetworkTargetResolution object at 0x783488796000>
implementation = '@classmethod\n    def get(cls, url):\n        return url'
client = 'session'

    @pytest.mark.parametrize(
        "implementation",
        [
            "def get(self, url):\n        return url",
            "@staticmethod\n    def get(url):\n        return url",
            "@classmethod\n    def get(cls, url):\n        return url",
            "get = lambda self, url: url",
        ],
    )
    @pytest.mark.parametrize("client", ["Local()", "Child()", "session"])
    def test_local_network_method_override_stays_safe(self, implementation, client):
        code = (
            f"import requests\nclass Local(requests.Session):\n    {implementation}\n"
            f"class Child(Local):\n    pass\nsession = Child()\n{client}.get('http://203.0.113.5/')"
        )
>       _ok(code)

studio/backend/tests/test_sandbox_tools.py:1090: 
_ _ _ _ _ _ _ _ _ _ _ _ _ _ _ _ _ _ _ _ _ _ _ _ _ _ _ _ _ _ _ _ _ _ _ _ _ _ _ _ 

code = "import requests\nclass Local(requests.Session):\n    @classmethod\n    def get(cls, url):\n        return url\nclass Child(Local):\n    pass\nsession = Child()\nsession.get('http://203.0.113.5/')"

    def _ok(code: str):
>       assert _check_code_safety(code) is None, code
E       AssertionError: import requests
E         class Local(requests.Session):
E             @classmethod
E             def get(cls, url):
E                 return url
E         class Child(Local):
E             pass
E         session = Child()
E         session.get('http://203.0.113.5/')
E       assert 'Error: unsafe code detected (Blocked: host not in sandbox allowlist; use an allowed informational source). Please remove unsafe patterns from your code.' is None
E        +  where 'Error: unsafe code detected (Blocked: host not in sandbox allowlist; use an allowed informational source). Please remove unsafe patterns from your code.' = _check_code_safety("import requests\nclass Local(requests.Session):\n    @classmethod\n    def get(cls, url):\n        return url\nclass Child(Local):\n    pass\nsession = Child()\nsession.get('http://203.0.113.5/')")

studio/backend/tests/test_sandbox_tools.py:30: AssertionError
_ TestNetworkTargetResolution.test_local_network_method_override_stays_safe[session-get = lambda self, url: url] _

self = <studio.backend.tests.test_sandbox_tools.TestNetworkTargetResolution object at 0x783488795a00>
implementation = 'get = lambda self, url: url', client = 'session'

    @pytest.mark.parametrize(
        "implementation",
        [
            "def get(self, url):\n        return url",
            "@staticmethod\n    def get(url):\n        return url",
            "@classmethod\n    def get(cls, url):\n        return url",
            "get = lambda self, url: url",
        ],
    )
    @pytest.mark.parametrize("client", ["Local()", "Child()", "session"])
    def test_local_network_method_override_stays_safe(self, implementation, client):
        code = (
            f"import requests\nclass Local(requests.Session):\n    {implementation}\n"
            f"class Child(Local):\n    pass\nsession = Child()\n{client}.get('http://203.0.113.5/')"
        )
>       _ok(code)

studio/backend/tests/test_sandbox_tools.py:1090: 
_ _ _ _ _ _ _ _ _ _ _ _ _ _ _ _ _ _ _ _ _ _ _ _ _ _ _ _ _ _ _ _ _ _ _ _ _ _ _ _ 

code = "import requests\nclass Local(requests.Session):\n    get = lambda self, url: url\nclass Child(Local):\n    pass\nsession = Child()\nsession.get('http://203.0.113.5/')"

    def _ok(code: str):
>       assert _check_code_safety(code) is None, code
E       AssertionError: import requests
E         class Local(requests.Session):
E             get = lambda self, url: url
E         class Child(Local):
E             pass
E         session = Child()
E         session.get('http://203.0.113.5/')
E       assert 'Error: unsafe code detected (Blocked: host not in sandbox allowlist; use an allowed informational source). Please remove unsafe patterns from your code.' is None
E        +  where 'Error: unsafe code detected (Blocked: host not in sandbox allowlist; use an allowed informational source). Please remove unsafe patterns from your code.' = _check_code_safety("import requests\nclass Local(requests.Session):\n    get = lambda self, url: url\nclass Child(Local):\n    pass\nsession = Child()\nsession.get('http://203.0.113.5/')")

studio/backend/tests/test_sandbox_tools.py:30: AssertionError
_ TestNetworkTargetResolution.test_local_override_through_alias_or_attribute_stays_safe[session = Local()\nfetch = session.get\nfetch('http://203.0.113.5/')] _

self = <studio.backend.tests.test_sandbox_tools.TestNetworkTargetResolution object at 0x78348875c050>
call = "session = Local()\nfetch = session.get\nfetch('http://203.0.113.5/')"

    @pytest.mark.parametrize("call", ["session = Local()\nfetch = session.get\nfetch('http://203.0.113.5/')", "class Holder:\n    def __init__(self):\n        self.client = Local()\n    def fetch(self):\n        return self.client.get('http://203.0.113.5/')\nHolder().fetch()"])
    def test_local_override_through_alias_or_attribute_stays_safe(self, call):
        code = "import requests\nclass Local(requests.Session):\n    def get(self, url):\n        return url\n" + call
>       _ok(code)

studio/backend/tests/test_sandbox_tools.py:1096: 
_ _ _ _ _ _ _ _ _ _ _ _ _ _ _ _ _ _ _ _ _ _ _ _ _ _ _ _ _ _ _ _ _ _ _ _ _ _ _ _ 

code = "import requests\nclass Local(requests.Session):\n    def get(self, url):\n        return url\nsession = Local()\nfetch = session.get\nfetch('http://203.0.113.5/')"

    def _ok(code: str):
>       assert _check_code_safety(code) is None, code
E       AssertionError: import requests
E         class Local(requests.Session):
E             def get(self, url):
E                 return url
E         session = Local()
E         fetch = session.get
E         fetch('http://203.0.113.5/')
E       assert 'Error: unsafe code detected (Blocked: host not in sandbox allowlist; use an allowed informational source). Please remove unsafe patterns from your code.' is None
E        +  where 'Error: unsafe code detected (Blocked: host not in sandbox allowlist; use an allowed informational source). Please remove unsafe patterns from your code.' = _check_code_safety("import requests\nclass Local(requests.Session):\n    def get(self, url):\n        return url\nsession = Local()\nfetch = session.get\nfetch('http://203.0.113.5/')")

studio/backend/tests/test_sandbox_tools.py:30: AssertionError
_ TestNetworkTargetResolution.test_local_override_through_alias_or_attribute_stays_safe[class Holder:\n    def __init__(self):\n        self.client = Local()\n    def fetch(self):\n        return self.client.get('http://203.0.113.5/')\nHolder().fetch()] _

self = <studio.backend.tests.test_sandbox_tools.TestNetworkTargetResolution object at 0x78348875c1d0>
call = "class Holder:\n    def __init__(self):\n        self.client = Local()\n    def fetch(self):\n        return self.client.get('http://203.0.113.5/')\nHolder().fetch()"

    @pytest.mark.parametrize("call", ["session = Local()\nfetch = session.get\nfetch('http://203.0.113.5/')", "class Holder:\n    def __init__(self):\n        self.client = Local()\n    def fetch(self):\n        return self.client.get('http://203.0.113.5/')\nHolder().fetch()"])
    def test_local_override_through_alias_or_attribute_stays_safe(self, call):
        code = "import requests\nclass Local(requests.Session):\n    def get(self, url):\n        return url\n" + call
>       _ok(code)

studio/backend/tests/test_sandbox_tools.py:1096: 
_ _ _ _ _ _ _ _ _ _ _ _ _ _ _ _ _ _ _ _ _ _ _ _ _ _ _ _ _ _ _ _ _ _ _ _ _ _ _ _ 

code = "import requests\nclass Local(requests.Session):\n    def get(self, url):\n        return url\nclass Holder:\n    def ...  self.client = Local()\n    def fetch(self):\n        return self.client.get('http://203.0.113.5/')\nHolder().fetch()"

    def _ok(code: str):
>       assert _check_code_safety(code) is None, code
E       AssertionError: import requests
E         class Local(requests.Session):
E             def get(self, url):
E                 return url
E         class Holder:
E             def __init__(self):
E                 self.client = Local()
E             def fetch(self):
E                 return self.client.get('http://203.0.113.5/')
E         Holder().fetch()
E       assert 'Error: unsafe code detected (Blocked: host not in sandbox allowlist; use an allowed informational source). Please remove unsafe patterns from your code.' is None
E        +  where 'Error: unsafe code detected (Blocked: host not in sandbox allowlist; use an allowed informational source). Please remove unsafe patterns from your code.' = _check_code_safety("import requests\nclass Local(requests.Session):\n    def get(self, url):\n        return url\nclass Holder:\n    def ...  self.client = Local()\n    def fetch(self):\n        return self.client.get('http://203.0.113.5/')\nHolder().fetch()")

studio/backend/tests/test_sandbox_tools.py:30: AssertionError
=========================== short test summary info ============================
FAILED studio/backend/tests/test_sandbox_tools.py::TestNetworkTargetResolution::test_local_network_method_override_stays_safe[session-def get(self, url):\n        return url]
FAILED studio/backend/tests/test_sandbox_tools.py::TestNetworkTargetResolution::test_local_network_method_override_stays_safe[session-@staticmethod\n    def get(url):\n        return url]
FAILED studio/backend/tests/test_sandbox_tools.py::TestNetworkTargetResolution::test_local_network_method_override_stays_safe[session-@classmethod\n    def get(cls, url):\n        return url]
FAILED studio/backend/tests/test_sandbox_tools.py::TestNetworkTargetResolution::test_local_network_method_override_stays_safe[session-get = lambda self, url: url]
FAILED studio/backend/tests/test_sandbox_tools.py::TestNetworkTargetResolution::test_local_override_through_alias_or_attribute_stays_safe[session = Local()\nfetch = session.get\nfetch('http://203.0.113.5/')]
FAILED studio/backend/tests/test_sandbox_tools.py::TestNetworkTargetResolution::test_local_override_through_alias_or_attribute_stays_safe[class Holder:\n    def __init__(self):\n        self.client = Local()\n    def fetch(self):\n        return self.client.get('http://203.0.113.5/')\nHolder().fetch()]
6 failed, 8 passed, 627 deselected in 1.27s
