initial http://127.0.0.1:8010/chat unsloth
BETA
New chat
Model hub
Projects
Images
Video
Train
More
Recents
Approved SSH deployment
U
Unsloth
Unsloth
Command Palette

Search for a command to run...

Drop to add model chip
Review it before loading.
Select model
Good to see you
Approve for me
Search
Code
Dictate
Send message (Enter)
Drop files here
Run settings
Preset
Saved
Delete
System Prompt
Sampling
Temperature
Top P
Top K
Min P
Repetition Penalty
Presence Penalty
Max Tokens
Tools
Retrieval
thread http://127.0.0.1:8010/chat?thread=pr10642-ui-evidence unsloth
BETA
New chat
Model hub
Projects
Images
Video
Train
More
Recents
Approved SSH deployment
U
Unsloth
Unsloth
Command Palette

Search for a command to run...

Drop to add model chip
Review it before loading.
Select model

Connect to the approved deployment server and run uptime.

Used tool: $ ssh -F none -p 22222 -i review-key -o StrictHostKeyChecking=
Copy
Edit response
Refresh
Delete message
Read aloud
More
Approve for me
Search
Code
Dictate
Send message (Enter)
Drop files here
Run settings
Preset
Saved
Delete
System Prompt
Sampling
Temperature
Top P
Top K
Min P
Repetition Penalty
Presence Penalty
Max Tokens
Tools
Retrieval
initial http://127.0.0.1:8010/chat unsloth
BETA
New chat
Model hub
Projects
Images
Video
Train
More
Recents
Approved SSH deployment
U
Unsloth
Unsloth
Command Palette

Search for a command to run...

Drop to add model chip
Review it before loading.
Select model
Ready when you are
Approve for me
Search
Code
Dictate
Send message (Enter)
Drop files here
Run settings
Preset
Saved
Delete
System Prompt
Sampling
Temperature
Top P
Top K
Min P
Repetition Penalty
Presence Penalty
Max Tokens
Tools
Retrieval
thread http://127.0.0.1:8010/chat?thread=pr10642-ui-evidence unsloth
BETA
New chat
Model hub
Projects
Images
Video
Train
More
Recents
Approved SSH deployment
U
Unsloth
Unsloth
Command Palette

Search for a command to run...

Drop to add model chip
Review it before loading.
Select model

Connect to the approved deployment server and run uptime.

Used tool: $ ssh -F none -p 22222 -i review-key -o StrictHostKeyChecking=
Copy
Edit response
Refresh
Delete message
Read aloud
More
Approve for me
Search
Code
Dictate
Send message (Enter)
Drop files here
Run settings
Preset
Saved
Delete
System Prompt
Sampling
Temperature
Top P
Top K
Min P
Repetition Penalty
Presence Penalty
Max Tokens
Tools
Retrieval
